MPLINK 4.48, Linker
Linker Map File - Created Sat Jan 04 03:47:36 2014

                                 Section Info
                  Section       Type    Address   Location Size(Bytes)
                ---------  ---------  ---------  ---------  ---------
               _entry_scn       code   0x000000    program   0x000006
           .code___init.o       code   0x000006    program   0x000002
               highVector       code   0x000008    program   0x000006
          .romdata_Main.o    romdata   0x00000e    program   0x000006
          .idata_Tick.o_i    romdata   0x000014    program   0x000004
                lowVector       code   0x000018    program   0x000006
                   .cinit    romdata   0x00001e    program   0x000062
              .code_TCP.o       code   0x000080    program   0x00555c
         .code_ENC28J60.o       code   0x0055dc    program   0x001824
          .code_Helpers.o       code   0x006e00    program   0x000dfe
             .code_ftoa.o       code   0x007bfe    program   0x0009d2
             .code_Main.o       code   0x0085d0    program   0x0009c2
             .code_TIOS.o       code   0x008f92    program   0x00073c
                     PROG       code   0x0096ce    program   0x0005ee
              .code_ARP.o       code   0x009cbc    program   0x0005ae
             .code_ICMP.o       code   0x00a26a    program   0x0003f2
               .code_IP.o       code   0x00a65c    program   0x0003ee
            .code_1wire.o       code   0x00aa4a    program   0x0003e8
         .code_StackTsk.o       code   0x00ae32    program   0x0001ea
                   STRING       code   0x00b01c    program   0x000160
             .code_Tick.o       code   0x00b17c    program   0x000138
         .code_openxlcd.o       code   0x00b2b4    program   0x0000cc
               _cinit_scn       code   0x00b380    program   0x00009e
             .code_affi.o       code   0x00b41e    program   0x00007e
             .stringtable    romdata   0x00b49c    program   0x000059
      .romdata_Announce.o    romdata   0x00b4f5    program   0x000000
           .romdata_DNS.o    romdata   0x00b4f5    program   0x000000
        .idata_TIMERS.o_i    romdata   0x00b4f5    program   0x000000
           .romdata_ARP.o    romdata   0x00b4f5    program   0x000000
        .romdata___init.o    romdata   0x00b4f5    program   0x000000
         .romdata_Delay.o    romdata   0x00b4f5    program   0x000000
      .romdata_ENC28J60.o    romdata   0x00b4f5    program   0x000000
          .romdata_TIOS.o    romdata   0x00b4f5    program   0x000000
       .romdata_Helpers.o    romdata   0x00b4f5    program   0x000000
        .romdata_TIMERS.o    romdata   0x00b4f5    program   0x000000
        .idata___init.o_i    romdata   0x00b4f5    program   0x000000
      .romdata_fxd3232u.o    romdata   0x00b4f5    program   0x000000
      .idata_fxd3232u.o_i    romdata   0x00b4f5    program   0x000000
      .romdata_fxd1616u.o    romdata   0x00b4f5    program   0x000000
      .idata_fxd1616u.o_i    romdata   0x00b4f5    program   0x000000
.romdata_UDPPerformanceTest.o    romdata   0x00b4f5    program   0x000000
.idata_UDPPerformanceTest.o_i    romdata   0x00b4f5    program   0x000000
           .romdata_UDP.o    romdata   0x00b4f5    program   0x000000
           .idata_UDP.o_i    romdata   0x00b4f5    program   0x000000
          .romdata_Tick.o    romdata   0x00b4f5    program   0x000000
.romdata_TCPPerformanceTest.o    romdata   0x00b4f5    program   0x000000
.idata_TCPPerformanceTest.o_i    romdata   0x00b4f5    program   0x000000
      .romdata_StackTsk.o    romdata   0x00b4f5    program   0x000000
      .idata_StackTsk.o_i    romdata   0x00b4f5    program   0x000000
            .romdata_IP.o    romdata   0x00b4f5    program   0x000000
          .romdata_ICMP.o    romdata   0x00b4f5    program   0x000000
          .idata_ICMP.o_i    romdata   0x00b4f5    program   0x000001
      .romdata_setcgram.o    romdata   0x00b4f5    program   0x000000
          .idata_affi.o_i    romdata   0x00b4f5    program   0x000000
          .romdata_affi.o    romdata   0x00b4f5    program   0x000000
      .idata_setcgram.o_i    romdata   0x00b4f5    program   0x000000
      .romdata_readdata.o    romdata   0x00b4f5    program   0x000000
      .idata_readdata.o_i    romdata   0x00b4f5    program   0x000000
       .idata_boutons.o_i    romdata   0x00b4f5    program   0x000000
      .romdata_readaddr.o    romdata   0x00b4f5    program   0x000000
      .idata_readaddr.o_i    romdata   0x00b4f5    program   0x000000
      .romdata_putsxlcd.o    romdata   0x00b4f5    program   0x000000
       .romdata_boutons.o    romdata   0x00b4f5    program   0x000000
      .idata_putsxlcd.o_i    romdata   0x00b4f5    program   0x000000
      .romdata_putrxlcd.o    romdata   0x00b4f5    program   0x000000
      .idata_putrxlcd.o_i    romdata   0x00b4f5    program   0x000000
      .romdata_openxlcd.o    romdata   0x00b4f5    program   0x000000
      .idata_openxlcd.o_i    romdata   0x00b4f5    program   0x000000
      .romdata_busyxlcd.o    romdata   0x00b4f5    program   0x000000
      .idata_busyxlcd.o_i    romdata   0x00b4f5    program   0x000000
         .romdata_usart.o    romdata   0x00b4f5    program   0x000000
         .idata_usart.o_i    romdata   0x00b4f5    program   0x000000
         .idata_c018i.o_i    romdata   0x00b4f5    program   0x000000
      .romdata_writdata.o    romdata   0x00b4f5    program   0x000000
         .romdata_c018i.o    romdata   0x00b4f5    program   0x000000
          .idata_ftoa.o_i    romdata   0x00b4f5    program   0x000000
          .romdata_ftoa.o    romdata   0x00b4f5    program   0x000000
      .idata_writdata.o_i    romdata   0x00b4f5    program   0x000000
      .romdata_wcmdxlcd.o    romdata   0x00b4f5    program   0x000000
      .idata_wcmdxlcd.o_i    romdata   0x00b4f5    program   0x000000
      .romdata_setddram.o    romdata   0x00b4f5    program   0x000000
         .romdata_1wire.o    romdata   0x00b4f5    program   0x000000
      .idata_setddram.o_i    romdata   0x00b4f5    program   0x000000
         .code_setddram.o       code   0x00b4f6    program   0x000050
         .code_setcgram.o       code   0x00b546    program   0x000050
         .code_putrxlcd.o       code   0x00b596    program   0x00004e
         .code_writdata.o       code   0x00b5e4    program   0x00004c
         .code_wcmdxlcd.o       code   0x00b630    program   0x00004c
         .code_putsxlcd.o       code   0x00b67c    program   0x00004a
         .code_fxd3232u.o       code   0x00b6c6    program   0x000048
         .code_readdata.o       code   0x00b70e    program   0x000044
         .code_readaddr.o       code   0x00b752    program   0x000044
            .code_usart.o       code   0x00b796    program   0x00003c
         .code_busyxlcd.o       code   0x00b7d2    program   0x000036
             D10KTCYXCODE       code   0x00b808    program   0x00002e
         .code_fxd1616u.o       code   0x00b836    program   0x00002c
           .code_TIMERS.o       code   0x00b862    program   0x000026
              D1KTCYXCODE       code   0x00b888    program   0x000020
                    .code       code   0x00b8a8    program   0x000020
             _startup_scn       code   0x00b8c8    program   0x00001c
              D10TCYXCODE       code   0x00b8e4    program   0x000016
          .code_boutons.o       code   0x00b8fa    program   0x000014
           .romdata_TCP.o    romdata   0x00b90e    program   0x000012
          .idata_TIOS.o_i    romdata   0x00b920    program   0x000008
           .idata_TCP.o_i    romdata   0x00b928    program   0x000002
          .idata_Main.o_i    romdata   0x00b92a    program   0x00003b
            .idata_IP.o_i    romdata   0x00b965    program   0x000002
       .idata_Helpers.o_i    romdata   0x00b967    program   0x000004
      .idata_ENC28J60.o_i    romdata   0x00b96b    program   0x000000
           .idata_ARP.o_i    romdata   0x00b96b    program   0x000001
         .idata_Delay.o_i    romdata   0x00b96b    program   0x000000
      .idata_Announce.o_i    romdata   0x00b96b    program   0x000000
           .idata_DNS.o_i    romdata   0x00b96b    program   0x000000
            .code_c018i.o       code   0x00b96c    program   0x000000
         .idata_1wire.o_i    romdata   0x00b96c    program   0x000000
         .code_Announce.o       code   0x00b96c    program   0x000000
              .code_DNS.o       code   0x00b96c    program   0x000000
            .code_Delay.o       code   0x00b96c    program   0x000000
.code_UDPPerformanceTest.o       code   0x00b96c    program   0x000000
              .code_UDP.o       code   0x00b96c    program   0x000000
.code_TCPPerformanceTest.o       code   0x00b96c    program   0x000000
    .config_300001_Main.o    romdata   0x300001    program   0x000001
    .config_300002_Main.o    romdata   0x300002    program   0x000001
    .config_300003_Main.o    romdata   0x300003    program   0x000001
    .config_300005_Main.o    romdata   0x300005    program   0x000001
    .config_300006_Main.o    romdata   0x300006    program   0x000001
                MATH_DATA      udata   0x000000       data   0x000014
                 .tmpdata      udata   0x000014       data   0x00000e
                DELAYDAT2      udata   0x000022       data   0x000001
                DELAYDAT1      udata   0x000023       data   0x000001
            .udata_Main.o      udata   0x000060       data   0x000060
       SYN_QUEUE_RAM_SECT      udata   0x0000c0       data   0x00003c
         .udata_Helpers.o      udata   0x0000fc       data   0x000004
            .udata_TIOS.o      udata   0x000100       data   0x00005a
                 TCB_uRAM      udata   0x00015a       data   0x000054
             .udata_TCP.o      udata   0x0001ae       data   0x000051
              temp_tblptr      udata   0x0001ff       data   0x000001
            .idata_Main.o      idata   0x000200       data   0x00003b
           .udata_c018i.o      udata   0x00023b       data   0x00000a
            .udata_Tick.o      udata   0x000245       data   0x000006
        .udata_ENC28J60.o      udata   0x00024b       data   0x000006
            .idata_Tick.o      idata   0x000251       data   0x000004
         .idata_Helpers.o      idata   0x000255       data   0x000004
             .idata_TCP.o      idata   0x000259       data   0x000002
              .idata_IP.o      idata   0x00025b       data   0x000002
              .udata_IP.o      udata   0x00025d       data   0x000001
            .idata_ICMP.o      idata   0x00025e       data   0x000001
             .idata_ARP.o      idata   0x00025f       data   0x000001
        .idata_ENC28J60.o      idata   0x000260       data   0x000000
        .udata_openxlcd.o      udata   0x000260       data   0x000000
        .idata_busyxlcd.o      idata   0x000260       data   0x000000
          .idata___init.o      idata   0x000260       data   0x000000
        .udata_busyxlcd.o      udata   0x000260       data   0x000000
           .idata_usart.o      idata   0x000260       data   0x000000
           .udata_usart.o      udata   0x000260       data   0x000000
          .udata___init.o      udata   0x000260       data   0x000000
        .idata_StackTsk.o      idata   0x000260       data   0x000000
         .idata_boutons.o      idata   0x000260       data   0x000000
         .udata_boutons.o      udata   0x000260       data   0x000000
            .idata_affi.o      idata   0x000260       data   0x000000
            .udata_affi.o      udata   0x000260       data   0x000000
.udata_TCPPerformanceTest.o      udata   0x000260       data   0x000000
.idata_TCPPerformanceTest.o      idata   0x000260       data   0x000000
           .idata_1wire.o      idata   0x000260       data   0x000000
           .udata_1wire.o      udata   0x000260       data   0x000000
             .udata_UDP.o      udata   0x000260       data   0x000000
             .idata_UDP.o      idata   0x000260       data   0x000000
.udata_UDPPerformanceTest.o      udata   0x000260       data   0x000000
.idata_UDPPerformanceTest.o      idata   0x000260       data   0x000000
        .idata_fxd3232u.o      idata   0x000260       data   0x000000
        .udata_fxd3232u.o      udata   0x000260       data   0x000000
            .idata_ftoa.o      idata   0x000260       data   0x000000
            .udata_ftoa.o      udata   0x000260       data   0x000000
        .udata_fxd1616u.o      udata   0x000260       data   0x000000
        .idata_fxd1616u.o      idata   0x000260       data   0x000000
        .udata_readaddr.o      udata   0x000260       data   0x000000
        .idata_readaddr.o      idata   0x000260       data   0x000000
        .udata_readdata.o      udata   0x000260       data   0x000000
        .idata_readdata.o      idata   0x000260       data   0x000000
        .udata_setcgram.o      udata   0x000260       data   0x000000
        .idata_setcgram.o      idata   0x000260       data   0x000000
        .udata_setddram.o      udata   0x000260       data   0x000000
        .idata_setddram.o      idata   0x000260       data   0x000000
        .udata_wcmdxlcd.o      udata   0x000260       data   0x000000
        .idata_wcmdxlcd.o      idata   0x000260       data   0x000000
        .udata_writdata.o      udata   0x000260       data   0x000000
        .idata_writdata.o      idata   0x000260       data   0x000000
        .idata_putsxlcd.o      idata   0x000260       data   0x000000
        .udata_putsxlcd.o      udata   0x000260       data   0x000000
          .udata_TIMERS.o      udata   0x000260       data   0x000000
          .idata_TIMERS.o      idata   0x000260       data   0x000000
        .idata_putrxlcd.o      idata   0x000260       data   0x000000
           .idata_c018i.o      idata   0x000260       data   0x000000
        .udata_putrxlcd.o      udata   0x000260       data   0x000000
        .udata_Announce.o      udata   0x000260       data   0x000000
        .idata_Announce.o      idata   0x000260       data   0x000000
             .udata_DNS.o      udata   0x000260       data   0x000000
             .idata_DNS.o      idata   0x000260       data   0x000000
           .udata_Delay.o      udata   0x000260       data   0x000000
           .idata_Delay.o      idata   0x000260       data   0x000000
        .idata_openxlcd.o      idata   0x000260       data   0x000000
                   .stack      udata   0x000e00       data   0x000100
             .udata_ARP.o      udata   0x000f00       data   0x000014
            .udata_ICMP.o      udata   0x000f14       data   0x000011
        .udata_StackTsk.o      udata   0x000f25       data   0x00000b
            .idata_TIOS.o      idata   0x000f30       data   0x000008
              SFR_BANKED0      udata   0x000f38       data   0x000028
            SFR_UNBANKED0      udata   0x000f60       data   0x0000a0



                              Program Memory Usage 
                               Start         End      
                           ---------   ---------      
                            0x000000    0x00b96b      
                            0x300001    0x300003      
                            0x300005    0x300006      
            47473 out of 66584 program addresses used, program memory utilization is 71%



                              Symbols - Sorted by Name
                     Name    Address   Location    Storage File                     
                ---------  ---------  ---------  --------- ---------                
                  ARPInit   0x009e12    program     extern C:\Users\AkenOo\MPLABXProjects\Final0.2.X\ARP.c
            ARPIsResolved   0x00a0d0    program     extern C:\Users\AkenOo\MPLABXProjects\Final0.2.X\ARP.c
               ARPProcess   0x009e2a    program     extern C:\Users\AkenOo\MPLABXProjects\Final0.2.X\ARP.c
                   ARPPut   0x009cbc    program     static C:\Users\AkenOo\MPLABXProjects\Final0.2.X\ARP.c
               ARPResolve   0x009ff6    program     extern C:\Users\AkenOo\MPLABXProjects\Final0.2.X\ARP.c
                   BFCReg   0x006c00    program     static C:\Users\AkenOo\MPLABXProjects\Final0.2.X\ENC28J60.c
                   BFSReg   0x006c3c    program     static C:\Users\AkenOo\MPLABXProjects\Final0.2.X\ENC28J60.c
                  BankSel   0x006cf0    program     static C:\Users\AkenOo\MPLABXProjects\Final0.2.X\ENC28J60.c
                 BusyXLCD   0x00b7d2    program     extern C:\Users\AkenOo\MPLABXProjects\Final0.2.X\XLCD\busyxlcd.c
     CalcIPBufferChecksum   0x0061f8    program     extern C:\Users\AkenOo\MPLABXProjects\Final0.2.X\ENC28J60.c
           CalcIPChecksum   0x007902    program     extern C:\Users\AkenOo\MPLABXProjects\Final0.2.X\Helpers.c
              CloseSocket   0x003b70    program     static C:\Users\AkenOo\MPLABXProjects\Final0.2.X\TCP.c
      Convert_Temperature   0x00ac88    program     extern C:\Users\AkenOo\MPLABXProjects\Final0.2.X\periph\1wire.c
                   D10K_1   0x00b814    program     static E:\c18v3.46\pic18-lt\cxx-framework\src\traditional\delays\d10ktcyx.asm
                    D10Kl   0x00b820    program     static E:\c18v3.46\pic18-lt\cxx-framework\src\traditional\delays\d10ktcyx.asm
                    D10Kx   0x00b812    program     static E:\c18v3.46\pic18-lt\cxx-framework\src\traditional\delays\d10ktcyx.asm
                    D10_1   0x00b8f4    program     static E:\c18v3.46\pic18-lt\cxx-framework\src\traditional\delays\d10tcyx.asm
                     D10x   0x00b8ec    program     static E:\c18v3.46\pic18-lt\cxx-framework\src\traditional\delays\d10tcyx.asm
                   D1616S   0x0099c8    program     static E:\c18v3.46\pic18-lt\cxx-framework\src\traditional\math\fxd1616s.asm
                D1616SNEG   0x0099d6    program     static E:\c18v3.46\pic18-lt\cxx-framework\src\traditional\math\fxd1616s.asm
                 D1616SOK   0x0099d2    program     static E:\c18v3.46\pic18-lt\cxx-framework\src\traditional\math\fxd1616s.asm
                  D1616SX   0x0099e8    program     static E:\c18v3.46\pic18-lt\cxx-framework\src\traditional\math\fxd1616s.asm
                    D1K_1   0x00b894    program     static E:\c18v3.46\pic18-lt\cxx-framework\src\traditional\delays\d1ktcyx.asm
                     D1Kx   0x00b892    program     static E:\c18v3.46\pic18-lt\cxx-framework\src\traditional\delays\d1ktcyx.asm
                  DA1616S   0x0099b8    program     static E:\c18v3.46\pic18-lt\cxx-framework\src\traditional\math\fxd1616s.asm
             Delay10KTCYx   0x00b808    program     extern E:\c18v3.46\pic18-lt\cxx-framework\src\traditional\delays\d10ktcyx.asm
              Delay10TCYx   0x00b8e4    program     extern E:\c18v3.46\pic18-lt\cxx-framework\src\traditional\delays\d10tcyx.asm
              Delay1KTCYx   0x00b888    program     extern E:\c18v3.46\pic18-lt\cxx-framework\src\traditional\delays\d1ktcyx.asm
            DelayFor18TCY   0x00b41e    program     extern C:\Users\AkenOo\MPLABXProjects\Final0.2.X\periph\affi.c
             DelayPORXLCD   0x00b440    program     extern C:\Users\AkenOo\MPLABXProjects\Final0.2.X\periph\affi.c
                DelayXLCD   0x00b44c    program     extern C:\Users\AkenOo\MPLABXProjects\Final0.2.X\periph\affi.c
                 FLO1632S   0x0096d2    program     extern E:\c18v3.46\pic18-lt\cxx-framework\src\traditional\math\cast16FP.asm
                 FLO1632U   0x0096ce    program     extern E:\c18v3.46\pic18-lt\cxx-framework\src\traditional\math\cast16FP.asm
                    FPA32   0x0096fa    program     extern E:\c18v3.46\pic18-lt\cxx-framework\src\traditional\math\addFP.asm
                    FPD32   0x009826    program     extern E:\c18v3.46\pic18-lt\cxx-framework\src\traditional\math\divFP.asm
                    FPM32   0x0098cc    program     extern E:\c18v3.46\pic18-lt\cxx-framework\src\traditional\math\mulFP.asm
                    FPS32   0x0096f8    program     extern E:\c18v3.46\pic18-lt\cxx-framework\src\traditional\math\addFP.asm
                 FXD1616S   0x0099a6    program     extern E:\c18v3.46\pic18-lt\cxx-framework\src\traditional\math\fxd1616s.asm
                 FXD1616U   0x00b836    program     extern E:\c18v3.46\pic18-lt\cxx-framework\src\traditional\math\fxd1616u.c
                 FXD3232U   0x00b6c6    program     extern E:\c18v3.46\pic18-lt\cxx-framework\src\traditional\math\fxd3232u.c
                 FXM1616S   0x0099f2    program     extern E:\c18v3.46\pic18-lt\cxx-framework\src\traditional\math\fxm1616s.asm
                 FXM1616U   0x009a4c    program     extern E:\c18v3.46\pic18-lt\cxx-framework\src\traditional\math\fxm1616u.asm
       FindMatchingSocket   0x003380    program     static C:\Users\AkenOo\MPLABXProjects\Final0.2.X\TCP.c
        FormatNetBIOSName   0x007b00    program     extern C:\Users\AkenOo\MPLABXProjects\Final0.2.X\Helpers.c
      GenerateRandomDWORD   0x006f3c    program     extern C:\Users\AkenOo\MPLABXProjects\Final0.2.X\Helpers.c
                GetCLKOUT   0x006dc4    program     extern C:\Users\AkenOo\MPLABXProjects\Final0.2.X\ENC28J60.c
      GetMaxSegSizeOption   0x003bfa    program     static C:\Users\AkenOo\MPLABXProjects\Final0.2.X\TCP.c
              GetTickCopy   0x00b18c    program     static C:\Users\AkenOo\MPLABXProjects\Final0.2.X\Tick.c
             HandleTCPSeg   0x003d50    program     static C:\Users\AkenOo\MPLABXProjects\Final0.2.X\TCP.c
            HighInterrupt   0x0094ac    program     extern C:\Users\AkenOo\MPLABXProjects\Final0.2.X\TIOS.c
           ICMPBeginUsage   0x00a64c    program     extern C:\Users\AkenOo\MPLABXProjects\Final0.2.X\ICMP.c
             ICMPEndUsage   0x00a656    program     extern C:\Users\AkenOo\MPLABXProjects\Final0.2.X\ICMP.c
             ICMPGetReply   0x00a498    program     extern C:\Users\AkenOo\MPLABXProjects\Final0.2.X\ICMP.c
              ICMPProcess   0x00a26a    program     extern C:\Users\AkenOo\MPLABXProjects\Final0.2.X\ICMP.c
             ICMPSendPing   0x00a452    program     extern C:\Users\AkenOo\MPLABXProjects\Final0.2.X\ICMP.c
                  INT3216   0x009a88    program     extern E:\c18v3.46\pic18-lt\cxx-framework\src\traditional\math\castFP16.asm
              IPGetHeader   0x00a65c    program     extern C:\Users\AkenOo\MPLABXProjects\Final0.2.X\IP.c
              IPPutHeader   0x00a7c6    program     extern C:\Users\AkenOo\MPLABXProjects\Final0.2.X\IP.c
            IPSetRxBuffer   0x00a928    program     extern C:\Users\AkenOo\MPLABXProjects\Final0.2.X\IP.c
                  InitADC   0x008d5c    program     extern C:\Users\AkenOo\MPLABXProjects\Final0.2.X\Main.c
            InitAppConfig   0x008c72    program     static C:\Users\AkenOo\MPLABXProjects\Final0.2.X\Main.c
                 LFSRRand   0x006eb6    program     extern C:\Users\AkenOo\MPLABXProjects\Final0.2.X\Helpers.c
             LFSRSeedRand   0x006e00    program     extern C:\Users\AkenOo\MPLABXProjects\Final0.2.X\Helpers.c
                 LiczCRC2   0x0087f0    program     extern C:\Users\AkenOo\MPLABXProjects\Final0.2.X\Main.c
             LowInterrupt   0x009632    program     extern C:\Users\AkenOo\MPLABXProjects\Final0.2.X\TIOS.c
        MACCalcRxChecksum   0x0060fa    program     extern C:\Users\AkenOo\MPLABXProjects\Final0.2.X\ENC28J60.c
             MACDiscardRx   0x00587c    program     extern C:\Users\AkenOo\MPLABXProjects\Final0.2.X\ENC28J60.c
                 MACFlush   0x005d0e    program     extern C:\Users\AkenOo\MPLABXProjects\Final0.2.X\ENC28J60.c
                   MACGet   0x0067e4    program     extern C:\Users\AkenOo\MPLABXProjects\Final0.2.X\ENC28J60.c
              MACGetArray   0x00681a    program     extern C:\Users\AkenOo\MPLABXProjects\Final0.2.X\ENC28J60.c
         MACGetFreeRxSize   0x005916    program     extern C:\Users\AkenOo\MPLABXProjects\Final0.2.X\ENC28J60.c
             MACGetHeader   0x005a82    program     extern C:\Users\AkenOo\MPLABXProjects\Final0.2.X\ENC28J60.c
                  MACInit   0x0055dc    program     extern C:\Users\AkenOo\MPLABXProjects\Final0.2.X\ENC28J60.c
              MACIsLinked   0x005852    program     extern C:\Users\AkenOo\MPLABXProjects\Final0.2.X\ENC28J60.c
         MACIsMemCopyDone   0x0067d0    program     extern C:\Users\AkenOo\MPLABXProjects\Final0.2.X\ENC28J60.c
             MACIsTxReady   0x005866    program     extern C:\Users\AkenOo\MPLABXProjects\Final0.2.X\ENC28J60.c
          MACMemCopyAsync   0x006422    program     extern C:\Users\AkenOo\MPLABXProjects\Final0.2.X\ENC28J60.c
             MACPowerDown   0x006d1e    program     extern C:\Users\AkenOo\MPLABXProjects\Final0.2.X\ENC28J60.c
               MACPowerUp   0x006d5c    program     extern C:\Users\AkenOo\MPLABXProjects\Final0.2.X\ENC28J60.c
                   MACPut   0x0068ea    program     extern C:\Users\AkenOo\MPLABXProjects\Final0.2.X\ENC28J60.c
              MACPutArray   0x006922    program     extern C:\Users\AkenOo\MPLABXProjects\Final0.2.X\ENC28J60.c
             MACPutHeader   0x005c50    program     extern C:\Users\AkenOo\MPLABXProjects\Final0.2.X\ENC28J60.c
           MACPutROMArray   0x006986    program     extern C:\Users\AkenOo\MPLABXProjects\Final0.2.X\ENC28J60.c
            MACSetReadPtr   0x00608a    program     extern C:\Users\AkenOo\MPLABXProjects\Final0.2.X\ENC28J60.c
        MACSetReadPtrInRx   0x005f88    program     extern C:\Users\AkenOo\MPLABXProjects\Final0.2.X\ENC28J60.c
           MACSetWritePtr   0x006018    program     extern C:\Users\AkenOo\MPLABXProjects\Final0.2.X\ENC28J60.c
                   OWInit   0x00aa4a    program     extern C:\Users\AkenOo\MPLABXProjects\Final0.2.X\periph\1wire.c
                OWReadBit   0x00ab06    program     extern C:\Users\AkenOo\MPLABXProjects\Final0.2.X\periph\1wire.c
               OWReadByte   0x00abf4    program     extern C:\Users\AkenOo\MPLABXProjects\Final0.2.X\periph\1wire.c
               OWWriteBit   0x00aaaa    program     extern C:\Users\AkenOo\MPLABXProjects\Final0.2.X\periph\1wire.c
              OWWriteByte   0x00ab70    program     extern C:\Users\AkenOo\MPLABXProjects\Final0.2.X\periph\1wire.c
                 OpenXLCD   0x00b2b4    program     extern C:\Users\AkenOo\MPLABXProjects\Final0.2.X\XLCD\openxlcd.c
     ROMStringToIPAddress   0x00732c    program     extern C:\Users\AkenOo\MPLABXProjects\Final0.2.X\Helpers.c
             ReadAddrXLCD   0x00b752    program     extern C:\Users\AkenOo\MPLABXProjects\Final0.2.X\XLCD\readaddr.c
             ReadDataXLCD   0x00b70e    program     extern C:\Users\AkenOo\MPLABXProjects\Final0.2.X\XLCD\readdata.c
               ReadETHReg   0x006a8c    program     static C:\Users\AkenOo\MPLABXProjects\Final0.2.X\ENC28J60.c
               ReadMACReg   0x006ac4    program     static C:\Users\AkenOo\MPLABXProjects\Final0.2.X\ENC28J60.c
               ReadPHYReg   0x006b08    program     extern C:\Users\AkenOo\MPLABXProjects\Final0.2.X\ENC28J60.c
         Read_Temperature   0x00aca4    program     extern C:\Users\AkenOo\MPLABXProjects\Final0.2.X\periph\1wire.c
          SendSystemReset   0x0069ec    program     static C:\Users\AkenOo\MPLABXProjects\Final0.2.X\ENC28J60.c
                  SendTCP   0x002bba    program     static C:\Users\AkenOo\MPLABXProjects\Final0.2.X\TCP.c
     SerializedMACAddress   0x00000e    program     static C:\Users\AkenOo\MPLABXProjects\Final0.2.X\Main.c
             SetCGRamAddr   0x00b546    program     extern C:\Users\AkenOo\MPLABXProjects\Final0.2.X\XLCD\setcgram.c
                SetCLKOUT   0x006d8a    program     extern C:\Users\AkenOo\MPLABXProjects\Final0.2.X\ENC28J60.c
             SetDDRamAddr   0x00b4f6    program     extern C:\Users\AkenOo\MPLABXProjects\Final0.2.X\XLCD\setddram.c
        StackApplications   0x00b01a    program     extern C:\Users\AkenOo\MPLABXProjects\Final0.2.X\StackTsk.c
                StackInit   0x00ae32    program     extern C:\Users\AkenOo\MPLABXProjects\Final0.2.X\StackTsk.c
                StackTask   0x00ae72    program     extern C:\Users\AkenOo\MPLABXProjects\Final0.2.X\StackTsk.c
        StringToIPAddress   0x007164    program     extern C:\Users\AkenOo\MPLABXProjects\Final0.2.X\Helpers.c
            SwapARPPacket   0x00a192    program     extern C:\Users\AkenOo\MPLABXProjects\Final0.2.X\ARP.c
             SwapIPHeader   0x00a962    program     static C:\Users\AkenOo\MPLABXProjects\Final0.2.X\IP.c
            SwapTCPHeader   0x003940    program     static C:\Users\AkenOo\MPLABXProjects\Final0.2.X\TCP.c
                  SyncTCB   0x00011a    program     static C:\Users\AkenOo\MPLABXProjects\Final0.2.X\TCP.c
              SyncTCBStub   0x000080    program     static C:\Users\AkenOo\MPLABXProjects\Final0.2.X\TCP.c
                  TAEQB32   0x009ae6    program     extern E:\c18v3.46\pic18-lt\cxx-framework\src\traditional\math\eqFP.asm
                  TALTB32   0x009af4    program     extern E:\c18v3.46\pic18-lt\cxx-framework\src\traditional\math\ltFP.asm
        TCPAdjustFIFOSize   0x005034    program     extern C:\Users\AkenOo\MPLABXProjects\Final0.2.X\TCP.c
                 TCPClose   0x0006b2    program     extern C:\Users\AkenOo\MPLABXProjects\Final0.2.X\TCP.c
               TCPDiscard   0x000f38    program     extern C:\Users\AkenOo\MPLABXProjects\Final0.2.X\TCP.c
            TCPDisconnect   0x0005f6    program     extern C:\Users\AkenOo\MPLABXProjects\Final0.2.X\TCP.c
           TCPFindArrayEx   0x0015f8    program     extern C:\Users\AkenOo\MPLABXProjects\Final0.2.X\TCP.c
                TCPFindEx   0x00216c    program     extern C:\Users\AkenOo\MPLABXProjects\Final0.2.X\TCP.c
        TCPFindROMArrayEx   0x001bac    program     extern C:\Users\AkenOo\MPLABXProjects\Final0.2.X\TCP.c
                 TCPFlush   0x00072e    program     extern C:\Users\AkenOo\MPLABXProjects\Final0.2.X\TCP.c
                   TCPGet   0x000fea    program     extern C:\Users\AkenOo\MPLABXProjects\Final0.2.X\TCP.c
              TCPGetArray   0x0010d8    program     extern C:\Users\AkenOo\MPLABXProjects\Final0.2.X\TCP.c
         TCPGetRemoteInfo   0x0006da    program     extern C:\Users\AkenOo\MPLABXProjects\Final0.2.X\TCP.c
         TCPGetRxFIFOFree   0x001322    program     extern C:\Users\AkenOo\MPLABXProjects\Final0.2.X\TCP.c
         TCPGetTxFIFOFull   0x000ebc    program     extern C:\Users\AkenOo\MPLABXProjects\Final0.2.X\TCP.c
                  TCPInit   0x0001d2    program     extern C:\Users\AkenOo\MPLABXProjects\Final0.2.X\TCP.c
           TCPIsConnected   0x0005ce    program     extern C:\Users\AkenOo\MPLABXProjects\Final0.2.X\TCP.c
            TCPIsGetReady   0x000f84    program     extern C:\Users\AkenOo\MPLABXProjects\Final0.2.X\TCP.c
            TCPIsPutReady   0x000768    program     extern C:\Users\AkenOo\MPLABXProjects\Final0.2.X\TCP.c
                  TCPOpen   0x0003dc    program     extern C:\Users\AkenOo\MPLABXProjects\Final0.2.X\TCP.c
                  TCPPeek   0x0015b8    program     extern C:\Users\AkenOo\MPLABXProjects\Final0.2.X\TCP.c
             TCPPeekArray   0x001398    program     extern C:\Users\AkenOo\MPLABXProjects\Final0.2.X\TCP.c
               TCPProcess   0x0029b6    program     extern C:\Users\AkenOo\MPLABXProjects\Final0.2.X\TCP.c
                   TCPPut   0x0007f4    program     extern C:\Users\AkenOo\MPLABXProjects\Final0.2.X\TCP.c
              TCPPutArray   0x00092c    program     extern C:\Users\AkenOo\MPLABXProjects\Final0.2.X\TCP.c
           TCPPutROMArray   0x000b6e    program     extern C:\Users\AkenOo\MPLABXProjects\Final0.2.X\TCP.c
          TCPPutROMString   0x000e2a    program     extern C:\Users\AkenOo\MPLABXProjects\Final0.2.X\TCP.c
             TCPPutString   0x000da8    program     extern C:\Users\AkenOo\MPLABXProjects\Final0.2.X\TCP.c
               TCPRAMCopy   0x00531a    program     static C:\Users\AkenOo\MPLABXProjects\Final0.2.X\TCP.c
            TCPRAMCopyROM   0x005452    program     static C:\Users\AkenOo\MPLABXProjects\Final0.2.X\TCP.c
     TCPSocketInitializer   0x00b90e    program     extern C:\Users\AkenOo\MPLABXProjects\Final0.2.X\TCPIPConfig.h
                  TCPTick   0x0021be    program     extern C:\Users\AkenOo\MPLABXProjects\Final0.2.X\TCP.c
              TCPWasReset   0x0005a6    program     extern C:\Users\AkenOo\MPLABXProjects\Final0.2.X\TCP.c
          TIMER1_Init_1ms   0x00b862    program     extern C:\Users\AkenOo\MPLABXProjects\Final0.2.X\TIMERS.c
   TIOSEnregistrerCB_Bout   0x008fde    program     extern C:\Users\AkenOo\MPLABXProjects\Final0.2.X\TIOS.c
    TIOSEnregistrerCB_ETH   0x008ffa    program     extern C:\Users\AkenOo\MPLABXProjects\Final0.2.X\TIOS.c
   TIOSEnregistrerCB_RFID   0x009016    program     extern C:\Users\AkenOo\MPLABXProjects\Final0.2.X\TIOS.c
  TIOSEnregistrerCB_TIMER   0x00906a    program     extern C:\Users\AkenOo\MPLABXProjects\Final0.2.X\TIOS.c
  TIOSEnregistrerCB_USART   0x009032    program     extern C:\Users\AkenOo\MPLABXProjects\Final0.2.X\TIOS.c
TIOSEnregistrerCB_USARTRECEPT   0x00904e    program     extern C:\Users\AkenOo\MPLABXProjects\Final0.2.X\TIOS.c
          TIOSInitialiser   0x008f92    program     extern C:\Users\AkenOo\MPLABXProjects\Final0.2.X\TIOS.c
      TIOSRetirerCB_TIMER   0x009158    program     extern C:\Users\AkenOo\MPLABXProjects\Final0.2.X\TIOS.c
                TIOSStart   0x0091b8    program     extern C:\Users\AkenOo\MPLABXProjects\Final0.2.X\TIOS.c
               TSIGN1616A   0x009a3e    program     static E:\c18v3.46\pic18-lt\cxx-framework\src\traditional\math\fxm1616s.asm
TickConvertToMilliseconds   0x00b25e    program     extern C:\Users\AkenOo\MPLABXProjects\Final0.2.X\Tick.c
                  TickGet   0x00b1b2    program     extern C:\Users\AkenOo\MPLABXProjects\Final0.2.X\Tick.c
            TickGetDiv256   0x00b1c6    program     extern C:\Users\AkenOo\MPLABXProjects\Final0.2.X\Tick.c
            TickGetDiv64K   0x00b212    program     extern C:\Users\AkenOo\MPLABXProjects\Final0.2.X\Tick.c
                 TickInit   0x00b17c    program     extern C:\Users\AkenOo\MPLABXProjects\Final0.2.X\Tick.c
               TickUpdate   0x00b2a0    program     extern C:\Users\AkenOo\MPLABXProjects\Final0.2.X\Tick.c
             WriteCmdXLCD   0x00b630    program     extern C:\Users\AkenOo\MPLABXProjects\Final0.2.X\XLCD\wcmdxlcd.c
            WriteDataXLCD   0x00b5e4    program     extern C:\Users\AkenOo\MPLABXProjects\Final0.2.X\XLCD\writdata.c
              WritePHYReg   0x006c78    program     extern C:\Users\AkenOo\MPLABXProjects\Final0.2.X\ENC28J60.c
                 WriteReg   0x006bc4    program     static C:\Users\AkenOo\MPLABXProjects\Final0.2.X\ENC28J60.c
              _2jContinue   0x00b0d8    program     static E:\c18v3.46\pic18-lt\cxx-framework\src\traditional\stdclib\memset.asm
                   _2jEnd   0x00b13c    program     static E:\c18v3.46\pic18-lt\cxx-framework\src\traditional\stdclib\slenpgm.asm
              _3jContinue   0x00b0a4    program     static E:\c18v3.46\pic18-lt\cxx-framework\src\traditional\stdclib\mcpyp2r.asm
                   _3jEnd   0x00b0e2    program     static E:\c18v3.46\pic18-lt\cxx-framework\src\traditional\stdclib\memset.asm
              _4jContinue   0x00b050    program     static E:\c18v3.46\pic18-lt\cxx-framework\src\traditional\stdclib\memcpy.asm
                   _4jEnd   0x00b0ae    program     static E:\c18v3.46\pic18-lt\cxx-framework\src\traditional\stdclib\mcpyp2r.asm
                   _5jEnd   0x00b05a    program     static E:\c18v3.46\pic18-lt\cxx-framework\src\traditional\stdclib\memcpy.asm
       _D10KTCYXCODE_0010   0x00b818    program     static E:\c18v3.46\pic18-lt\cxx-framework\src\traditional\delays\d10ktcyx.asm
       _D10KTCYXCODE_001C   0x00b824    program     static E:\c18v3.46\pic18-lt\cxx-framework\src\traditional\delays\d10ktcyx.asm
        _D10TCYXCODE_000A   0x00b8ee    program     static E:\c18v3.46\pic18-lt\cxx-framework\src\traditional\delays\d10tcyx.asm
        _D10TCYXCODE_000C   0x00b8f0    program     static E:\c18v3.46\pic18-lt\cxx-framework\src\traditional\delays\d10tcyx.asm
        _D10TCYXCODE_000E   0x00b8f2    program     static E:\c18v3.46\pic18-lt\cxx-framework\src\traditional\delays\d10tcyx.asm
        _D1KTCYXCODE_0010   0x00b898    program     static E:\c18v3.46\pic18-lt\cxx-framework\src\traditional\delays\d1ktcyx.asm
        _D1KTCYXCODE_0016   0x00b89e    program     static E:\c18v3.46\pic18-lt\cxx-framework\src\traditional\delays\d1ktcyx.asm
              __FpCompare   0x009b06    program     extern E:\c18v3.46\pic18-lt\cxx-framework\src\traditional\math\compFP.asm
                 __FpExit   0x009bbc    program     extern E:\c18v3.46\pic18-lt\cxx-framework\src\traditional\math\packFP.asm
                 __FpPack   0x009be8    program     extern E:\c18v3.46\pic18-lt\cxx-framework\src\traditional\math\packFP.asm
            __FpReturnNaN   0x009bb0    program     extern E:\c18v3.46\pic18-lt\cxx-framework\src\traditional\math\packFP.asm
         __FpReturnNegInf   0x009bc2    program     extern E:\c18v3.46\pic18-lt\cxx-framework\src\traditional\math\packFP.asm
        __FpReturnNegZero   0x009bda    program     extern E:\c18v3.46\pic18-lt\cxx-framework\src\traditional\math\packFP.asm
         __FpReturnPosInf   0x009bc8    program     extern E:\c18v3.46\pic18-lt\cxx-framework\src\traditional\math\packFP.asm
        __FpReturnPosZero   0x009be2    program     extern E:\c18v3.46\pic18-lt\cxx-framework\src\traditional\math\packFP.asm
        __FpReturnSignInf   0x009bbe    program     extern E:\c18v3.46\pic18-lt\cxx-framework\src\traditional\math\packFP.asm
       __FpReturnSignZero   0x009bd6    program     extern E:\c18v3.46\pic18-lt\cxx-framework\src\traditional\math\packFP.asm
              __FpReturnW   0x009c40    program     extern E:\c18v3.46\pic18-lt\cxx-framework\src\traditional\math\packFP.asm
              __FpUnPackA   0x009c60    program     extern E:\c18v3.46\pic18-lt\cxx-framework\src\traditional\math\UnpackFP.asm
              __FpUnPackB   0x009c90    program     extern E:\c18v3.46\pic18-lt\cxx-framework\src\traditional\math\UnpackFP.asm
           ___do_lbl00002   0x00b1aa    program     static                          
           ___do_lbl00003   0x00b1ae    program     static                          
           ___do_lbl00004   0x00b18c    program     static                          
          ___for_lbl00100   0x007abc    program     static                          
          ___for_lbl00101   0x007ac2    program     static                          
          ___for_lbl00102   0x007a9e    program     static                          
          ___for_lbl00103   0x007ad6    program     static                          
          ___for_lbl00104   0x007ada    program     static                          
          ___for_lbl00105   0x007ac2    program     static                          
           ___if_lbl00014   0x007050    program     static                          
           ___if_lbl00015   0x00706e    program     static                          
           ___if_lbl00016   0x007100    program     static                          
           ___if_lbl00017   0x007106    program     static                          
           ___if_lbl00019   0x005ac8    program     static                          
           ___if_lbl00020   0x005ad4    program     static                          
           ___if_lbl00026   0x005bb8    program     static                          
           ___if_lbl00029   0x005c30    program     static                          
       ___return_lbl00000   0x00b860    program     static                          
       ___return_lbl00000   0x00b43e    program     static                          
       ___return_lbl00000   0x00000c    program     static                          
       ___return_lbl00000   0x00b70c    program     static                          
       ___return_lbl00000   0x000004    program     static                          
       ___return_lbl00001   0x00001c    program     static                          
       ___return_lbl00001   0x00b1b0    program     static                          
       ___return_lbl00001   0x00b8e2    program     static                          
       ___return_lbl00002   0x00b41c    program     static                          
       ___return_lbl00005   0x00ab5c    program     static                          
       ___return_lbl00009   0x007150    program     static                          
       ___return_lbl00018   0x005c38    program     static                          
       ___return_lbl00099   0x007aec    program     static                          
        ___while_lbl00010   0x006faa    program     static                          
        ___while_lbl00011   0x007108    program     static                          
        ___while_lbl00012   0x006fb2    program     static                          
        ___while_lbl00013   0x006fb6    program     static                          
               __config_0   0x300001    program     static C:\Users\AkenOo\MPLABXProjects\Final0.2.X\Main.c
               __config_1   0x300002    program     static C:\Users\AkenOo\MPLABXProjects\Final0.2.X\Main.c
               __config_2   0x300003    program     static C:\Users\AkenOo\MPLABXProjects\Final0.2.X\Main.c
               __config_3   0x300005    program     static C:\Users\AkenOo\MPLABXProjects\Final0.2.X\Main.c
               __config_4   0x300006    program     static C:\Users\AkenOo\MPLABXProjects\Final0.2.X\Main.c
                   __init   0x000006    program     extern E:\c18v3.46\pic18-lt\cxx-framework\src\traditional\stdclib\__init.c
               __string_0   0x00b4e4    program     static C:\Users\AkenOo\MPLABXProjects\Final0.2.X\TIOS.c
               __string_0   0x00b49c    program     static C:\Users\AkenOo\MPLABXProjects\Final0.2.X\periph\affi.c
               __string_1   0x00b4d8    program     static C:\Users\AkenOo\MPLABXProjects\Final0.2.X\TIOS.c
               __string_4   0x00b4c7    program     static C:\Users\AkenOo\MPLABXProjects\Final0.2.X\Main.c
               __string_5   0x00b4ba    program     static C:\Users\AkenOo\MPLABXProjects\Final0.2.X\Main.c
               __string_6   0x00b4ac    program     static C:\Users\AkenOo\MPLABXProjects\Final0.2.X\Main.c
               __tmplbl_0   0x007014    program     static                          
              __tmplbl_10   0x005c1e    program     static                          
              __tmplbl_11   0x005c10    program     static                          
              __tmplbl_12   0x005c16    program     static                          
             __tmplbl_151   0x00500a    program     static                          
             __tmplbl_153   0x0047cc    program     static                          
             __tmplbl_154   0x00500a    program     static                          
             __tmplbl_155   0x005020    program     static                          
             __tmplbl_161   0x005020    program     static                          
             __tmplbl_163   0x005020    program     static                          
             __tmplbl_164   0x005020    program     static                          
             __tmplbl_171   0x005020    program     static                          
             __tmplbl_172   0x005010    program     static                          
             __tmplbl_173   0x00500a    program     static                          
             __tmplbl_174   0x005020    program     static                          
             __tmplbl_177   0x005020    program     static                          
             __tmplbl_178   0x005014    program     static                          
             __tmplbl_191   0x00500a    program     static                          
             __tmplbl_192   0x005020    program     static                          
             __tmplbl_193   0x005020    program     static                          
             __tmplbl_194   0x005020    program     static                          
             __tmplbl_195   0x005020    program     static                          
             __tmplbl_196   0x005020    program     static                          
             __tmplbl_197   0x00500a    program     static                          
               __tmplbl_3   0x005bb6    program     static                          
               __tmplbl_4   0x005ba2    program     static                          
               __tmplbl_5   0x005b8c    program     static                          
               __tmplbl_6   0x005b78    program     static                          
               __tmplbl_7   0x005b62    program     static                          
               __tmplbl_8   0x005b54    program     static                          
               __tmplbl_9   0x005b52    program     static                          
            __zero_memory   0x00b8a8    program     extern E:\c18v3.46\pic18-lt\cxx-framework\src\traditional\proc\p18f46k22.asm
                _do_cinit   0x00b380    program     extern E:\c18v3.46\pic18-lt\cxx-framework\src\traditional\startup\c018i.c
                   _entry   0x000000    program     extern E:\c18v3.46\pic18-lt\cxx-framework\src\traditional\startup\c018i.c
                   _false   0x00b708    program     static                          
                 _startup   0x00b8c8    program     extern E:\c18v3.46\pic18-lt\cxx-framework\src\traditional\startup\c018i.c
          atInterrupthigh   0x000008    program     extern C:\Users\AkenOo\MPLABXProjects\Final0.2.X\TIOS.c
           atInterruptlow   0x000018    program     extern C:\Users\AkenOo\MPLABXProjects\Final0.2.X\TIOS.c
             btohexa_high   0x0076d6    program     extern C:\Users\AkenOo\MPLABXProjects\Final0.2.X\Helpers.c
              btohexa_low   0x00770a    program     extern C:\Users\AkenOo\MPLABXProjects\Final0.2.X\Helpers.c
                compare_l   0x00b8be    program     static E:\c18v3.46\pic18-lt\cxx-framework\src\traditional\proc\p18f46k22.asm
                copy_loop   0x00b3f2    program     static                          
            copy_one_byte   0x00b3f8    program     static                          
                     done   0x00b41c    program     static                          
             done_copying   0x00b406    program     static                          
                  endloop   0x00b85c    program     static                          
            ethernetEnvoi   0x008b3a    program     extern C:\Users\AkenOo\MPLABXProjects\Final0.2.X\Main.c
             ethernetInit   0x008a82    program     extern C:\Users\AkenOo\MPLABXProjects\Final0.2.X\Main.c
                     ftoa   0x007bfe    program     extern C:\Users\AkenOo\MPLABXProjects\Final0.2.X\ftoa\ftoa.c
                gestionBT   0x00894e    program     extern C:\Users\AkenOo\MPLABXProjects\Final0.2.X\Main.c
               gestionETH   0x00896e    program     extern C:\Users\AkenOo\MPLABXProjects\Final0.2.X\Main.c
              gestionRFID   0x008970    program     extern C:\Users\AkenOo\MPLABXProjects\Final0.2.X\Main.c
             gestionUSART   0x008a76    program     extern C:\Users\AkenOo\MPLABXProjects\Final0.2.X\Main.c
            getConversion   0x008d8e    program     extern C:\Users\AkenOo\MPLABXProjects\Final0.2.X\Main.c
               getPcUsart   0x008e66    program     extern C:\Users\AkenOo\MPLABXProjects\Final0.2.X\Main.c
           getTemperature   0x008e3a    program     extern C:\Users\AkenOo\MPLABXProjects\Final0.2.X\Main.c
                  hexatob   0x007640    program     extern C:\Users\AkenOo\MPLABXProjects\Final0.2.X\Helpers.c
                 initBout   0x00b8fa    program     extern C:\Users\AkenOo\MPLABXProjects\Final0.2.X\periph\boutons.c
                  initLCD   0x00b458    program     extern C:\Users\AkenOo\MPLABXProjects\Final0.2.X\periph\affi.c
                 initRFID   0x00b796    program     extern C:\Users\AkenOo\MPLABXProjects\Final0.2.X\periph\usart.c
                 jANotInf   0x0098ea    program     static E:\c18v3.46\pic18-lt\cxx-framework\src\traditional\math\mulFP.asm
                 jANotInf   0x009722    program     static E:\c18v3.46\pic18-lt\cxx-framework\src\traditional\math\addFP.asm
                 jANotInf   0x009844    program     static E:\c18v3.46\pic18-lt\cxx-framework\src\traditional\math\divFP.asm
                 jANotNeg   0x0097b6    program     static E:\c18v3.46\pic18-lt\cxx-framework\src\traditional\math\addFP.asm
                jANotZero   0x009858    program     static E:\c18v3.46\pic18-lt\cxx-framework\src\traditional\math\divFP.asm
              jAandWsetup   0x009786    program     static E:\c18v3.46\pic18-lt\cxx-framework\src\traditional\math\addFP.asm
                  jAisNeg   0x009b82    program     static E:\c18v3.46\pic18-lt\cxx-framework\src\traditional\math\compFP.asm
                 jAltBexp   0x009774    program     static E:\c18v3.46\pic18-lt\cxx-framework\src\traditional\math\addFP.asm
                jBANotInf   0x009718    program     static E:\c18v3.46\pic18-lt\cxx-framework\src\traditional\math\addFP.asm
                 jBNotInf   0x009730    program     static E:\c18v3.46\pic18-lt\cxx-framework\src\traditional\math\addFP.asm
              jBothFinite   0x0098f8    program     static E:\c18v3.46\pic18-lt\cxx-framework\src\traditional\math\mulFP.asm
             jBothNotZero   0x009904    program     static E:\c18v3.46\pic18-lt\cxx-framework\src\traditional\math\mulFP.asm
             jBothNotZero   0x009b24    program     static E:\c18v3.46\pic18-lt\cxx-framework\src\traditional\math\compFP.asm
            jDifOrPosSign   0x009744    program     static E:\c18v3.46\pic18-lt\cxx-framework\src\traditional\math\addFP.asm
                      jEQ   0x009b40    program     static E:\c18v3.46\pic18-lt\cxx-framework\src\traditional\math\compFP.asm
                     jEnd   0x00b060    program     static E:\c18v3.46\pic18-lt\cxx-framework\src\traditional\stdclib\memcpy.asm
                     jEnd   0x00b0b6    program     static E:\c18v3.46\pic18-lt\cxx-framework\src\traditional\stdclib\mcpyp2r.asm
                     jEnd   0x00b0ea    program     static E:\c18v3.46\pic18-lt\cxx-framework\src\traditional\stdclib\memset.asm
                     jEnd   0x00b106    program     static E:\c18v3.46\pic18-lt\cxx-framework\src\traditional\stdclib\strlen.asm
                     jEnd   0x00b13e    program     static E:\c18v3.46\pic18-lt\cxx-framework\src\traditional\stdclib\slenpgm.asm
                     jEnd   0x00b17a    program     static E:\c18v3.46\pic18-lt\cxx-framework\src\traditional\stdclib\strupr.asm
                    jExch   0x009b4c    program     static E:\c18v3.46\pic18-lt\cxx-framework\src\traditional\math\compFP.asm
                    jExit   0x009ae4    program     static E:\c18v3.46\pic18-lt\cxx-framework\src\traditional\math\castFP16.asm
                   jExpEQ   0x009b92    program     static E:\c18v3.46\pic18-lt\cxx-framework\src\traditional\math\compFP.asm
                   jFinal   0x009b76    program     static E:\c18v3.46\pic18-lt\cxx-framework\src\traditional\math\compFP.asm
               jFinalSign   0x00981e    program     static E:\c18v3.46\pic18-lt\cxx-framework\src\traditional\math\addFP.asm
                jHaveZero   0x009900    program     static E:\c18v3.46\pic18-lt\cxx-framework\src\traditional\math\mulFP.asm
                jI2F16Beg   0x0096e2    program     static E:\c18v3.46\pic18-lt\cxx-framework\src\traditional\math\cast16FP.asm
                    jLoop   0x009ac4    program     static E:\c18v3.46\pic18-lt\cxx-framework\src\traditional\math\castFP16.asm
                    jLoop   0x00b166    program     static E:\c18v3.46\pic18-lt\cxx-framework\src\traditional\stdclib\strupr.asm
                    jLoop   0x00b126    program     static E:\c18v3.46\pic18-lt\cxx-framework\src\traditional\stdclib\slenpgm.asm
                    jLoop   0x00b0fc    program     static E:\c18v3.46\pic18-lt\cxx-framework\src\traditional\stdclib\strlen.asm
                    jLoop   0x00b0cc    program     static E:\c18v3.46\pic18-lt\cxx-framework\src\traditional\stdclib\memset.asm
                    jLoop   0x00b098    program     static E:\c18v3.46\pic18-lt\cxx-framework\src\traditional\stdclib\mcpyp2r.asm
                    jLoop   0x009880    program     static E:\c18v3.46\pic18-lt\cxx-framework\src\traditional\math\divFP.asm
                    jLoop   0x00b044    program     static E:\c18v3.46\pic18-lt\cxx-framework\src\traditional\stdclib\memcpy.asm
                jLoopExit   0x009ad4    program     static E:\c18v3.46\pic18-lt\cxx-framework\src\traditional\math\castFP16.asm
                     jMax   0x009a98    program     static E:\c18v3.46\pic18-lt\cxx-framework\src\traditional\math\castFP16.asm
                  jMaxNeg   0x009aa6    program     static E:\c18v3.46\pic18-lt\cxx-framework\src\traditional\math\castFP16.asm
                  jMaxPos   0x009a9c    program     static E:\c18v3.46\pic18-lt\cxx-framework\src\traditional\math\castFP16.asm
                      jNE   0x009b44    program     static E:\c18v3.46\pic18-lt\cxx-framework\src\traditional\math\compFP.asm
                    jNext   0x0098a6    program     static E:\c18v3.46\pic18-lt\cxx-framework\src\traditional\math\divFP.asm
                jNoAdjust   0x0098a4    program     static E:\c18v3.46\pic18-lt\cxx-framework\src\traditional\math\divFP.asm
                  jNoExch   0x009b6c    program     static E:\c18v3.46\pic18-lt\cxx-framework\src\traditional\math\compFP.asm
             jNotBothZero   0x009748    program     static E:\c18v3.46\pic18-lt\cxx-framework\src\traditional\math\addFP.asm
                  jNotInf   0x009ab4    program     static E:\c18v3.46\pic18-lt\cxx-framework\src\traditional\math\castFP16.asm
                  jPkLoop   0x009bf6    program     static E:\c18v3.46\pic18-lt\cxx-framework\src\traditional\math\packFP.asm
             jPkRoundDone   0x009c40    program     static E:\c18v3.46\pic18-lt\cxx-framework\src\traditional\math\packFP.asm
               jPkRoundIt   0x009c28    program     static E:\c18v3.46\pic18-lt\cxx-framework\src\traditional\math\packFP.asm
             jPkShiftDone   0x009c12    program     static E:\c18v3.46\pic18-lt\cxx-framework\src\traditional\math\packFP.asm
           jReturnPosInf0   0x009bcc    program     static E:\c18v3.46\pic18-lt\cxx-framework\src\traditional\math\packFP.asm
                  jRotate   0x009b9e    program     static E:\c18v3.46\pic18-lt\cxx-framework\src\traditional\math\compFP.asm
                   jShift   0x009b88    program     static E:\c18v3.46\pic18-lt\cxx-framework\src\traditional\math\compFP.asm
               jShiftDone   0x0097de    program     static E:\c18v3.46\pic18-lt\cxx-framework\src\traditional\math\addFP.asm
               jShiftLoop   0x0097d0    program     static E:\c18v3.46\pic18-lt\cxx-framework\src\traditional\math\addFP.asm
                jSignDone   0x00980e    program     static E:\c18v3.46\pic18-lt\cxx-framework\src\traditional\math\addFP.asm
              jSignedZero   0x00984e    program     static E:\c18v3.46\pic18-lt\cxx-framework\src\traditional\math\divFP.asm
                 jSignsEQ   0x009b28    program     static E:\c18v3.46\pic18-lt\cxx-framework\src\traditional\math\compFP.asm
                    jSkip   0x00b176    program     static E:\c18v3.46\pic18-lt\cxx-framework\src\traditional\stdclib\strupr.asm
                  jUnpkA1   0x009c6a    program     static E:\c18v3.46\pic18-lt\cxx-framework\src\traditional\math\UnpackFP.asm
                  jUnpkA2   0x009c82    program     static E:\c18v3.46\pic18-lt\cxx-framework\src\traditional\math\UnpackFP.asm
                 jUnpkANZ   0x009c78    program     static E:\c18v3.46\pic18-lt\cxx-framework\src\traditional\math\UnpackFP.asm
                  jUnpkB1   0x009c9a    program     static E:\c18v3.46\pic18-lt\cxx-framework\src\traditional\math\UnpackFP.asm
                  jUnpkB2   0x009cb2    program     static E:\c18v3.46\pic18-lt\cxx-framework\src\traditional\math\UnpackFP.asm
                 jUnpkBNZ   0x009ca8    program     static E:\c18v3.46\pic18-lt\cxx-framework\src\traditional\math\UnpackFP.asm
                 jUnpkNaN   0x009c8c    program     static E:\c18v3.46\pic18-lt\cxx-framework\src\traditional\math\UnpackFP.asm
                 jWNotNeg   0x0097ca    program     static E:\c18v3.46\pic18-lt\cxx-framework\src\traditional\math\addFP.asm
                    jZero   0x009aae    program     static E:\c18v3.46\pic18-lt\cxx-framework\src\traditional\math\castFP16.asm
               jZero1and2   0x009bd0    program     static E:\c18v3.46\pic18-lt\cxx-framework\src\traditional\math\packFP.asm
          leftRotateDWORD   0x007a74    program     extern C:\Users\AkenOo\MPLABXProjects\Final0.2.X\Helpers.c
                     loop   0x00b6d4    program     static                          
                     loop   0x00b840    program     static                          
                     loop   0x00b8d8    program     static                          
                   loop_h   0x00b8b6    program     static E:\c18v3.46\pic18-lt\cxx-framework\src\traditional\proc\p18f46k22.asm
                   loop_l   0x00b8c0    program     static E:\c18v3.46\pic18-lt\cxx-framework\src\traditional\proc\p18f46k22.asm
                     main   0x0085d0    program     extern C:\Users\AkenOo\MPLABXProjects\Final0.2.X\Main.c
                   memcpy   0x00b01c    program     extern E:\c18v3.46\pic18-lt\cxx-framework\src\traditional\stdclib\memcpy.asm
            memcpypgm2ram   0x00b072    program     extern E:\c18v3.46\pic18-lt\cxx-framework\src\traditional\stdclib\mcpyp2r.asm
                   memset   0x00b0b8    program     extern E:\c18v3.46\pic18-lt\cxx-framework\src\traditional\stdclib\memset.asm
                putrsXLCD   0x00b596    program     extern C:\Users\AkenOo\MPLABXProjects\Final0.2.X\XLCD\putrxlcd.c
                 putsXLCD   0x00b67c    program     extern C:\Users\AkenOo\MPLABXProjects\Final0.2.X\XLCD\putsxlcd.c
                 rfidEcri   0x00870c    program     extern C:\Users\AkenOo\MPLABXProjects\Final0.2.X\Main.c
                 rfidLect   0x008640    program     extern C:\Users\AkenOo\MPLABXProjects\Final0.2.X\Main.c
           stricmppgm2ram   0x00773a    program     extern C:\Users\AkenOo\MPLABXProjects\Final0.2.X\Helpers.c
                   strlen   0x00b0ec    program     extern E:\c18v3.46\pic18-lt\cxx-framework\src\traditional\stdclib\strlen.asm
                strlenpgm   0x00b108    program     extern E:\c18v3.46\pic18-lt\cxx-framework\src\traditional\stdclib\slenpgm.asm
                  strnchr   0x007b90    program     extern C:\Users\AkenOo\MPLABXProjects\Final0.2.X\Helpers.c
                   strupr   0x00b152    program     extern E:\c18v3.46\pic18-lt\cxx-framework\src\traditional\stdclib\strupr.asm
                    swapl   0x00785e    program     extern C:\Users\AkenOo\MPLABXProjects\Final0.2.X\Helpers.c
                    swaps   0x00780c    program     extern C:\Users\AkenOo\MPLABXProjects\Final0.2.X\Helpers.c
                     test   0x00b39a    program     static                          
                    uitoa   0x0074f6    program     extern C:\Users\AkenOo\MPLABXProjects\Final0.2.X\Helpers.c
               zero_block   0x00b8b6    program     static E:\c18v3.46\pic18-lt\cxx-framework\src\traditional\proc\p18f46k22.asm
                   ADCON0   0x000fc2       data     extern E:\c18v3.46\pic18-lt\cxx-framework\src\traditional\proc\p18f46k22.asm
               ADCON0bits   0x000fc2       data     extern E:\c18v3.46\pic18-lt\cxx-framework\src\traditional\proc\p18f46k22.asm
                   ADCON1   0x000fc1       data     extern E:\c18v3.46\pic18-lt\cxx-framework\src\traditional\proc\p18f46k22.asm
               ADCON1bits   0x000fc1       data     extern E:\c18v3.46\pic18-lt\cxx-framework\src\traditional\proc\p18f46k22.asm
                   ADCON2   0x000fc0       data     extern E:\c18v3.46\pic18-lt\cxx-framework\src\traditional\proc\p18f46k22.asm
               ADCON2bits   0x000fc0       data     extern E:\c18v3.46\pic18-lt\cxx-framework\src\traditional\proc\p18f46k22.asm
                    ADRES   0x000fc3       data     extern E:\c18v3.46\pic18-lt\cxx-framework\src\traditional\proc\p18f46k22.asm
                   ADRESH   0x000fc4       data     extern E:\c18v3.46\pic18-lt\cxx-framework\src\traditional\proc\p18f46k22.asm
                   ADRESL   0x000fc3       data     extern E:\c18v3.46\pic18-lt\cxx-framework\src\traditional\proc\p18f46k22.asm
                   ANSELA   0x000f38       data     extern E:\c18v3.46\pic18-lt\cxx-framework\src\traditional\proc\p18f46k22.asm
               ANSELAbits   0x000f38       data     extern E:\c18v3.46\pic18-lt\cxx-framework\src\traditional\proc\p18f46k22.asm
                   ANSELB   0x000f39       data     extern E:\c18v3.46\pic18-lt\cxx-framework\src\traditional\proc\p18f46k22.asm
               ANSELBbits   0x000f39       data     extern E:\c18v3.46\pic18-lt\cxx-framework\src\traditional\proc\p18f46k22.asm
                   ANSELC   0x000f3a       data     extern E:\c18v3.46\pic18-lt\cxx-framework\src\traditional\proc\p18f46k22.asm
               ANSELCbits   0x000f3a       data     extern E:\c18v3.46\pic18-lt\cxx-framework\src\traditional\proc\p18f46k22.asm
                   ANSELD   0x000f3b       data     extern E:\c18v3.46\pic18-lt\cxx-framework\src\traditional\proc\p18f46k22.asm
               ANSELDbits   0x000f3b       data     extern E:\c18v3.46\pic18-lt\cxx-framework\src\traditional\proc\p18f46k22.asm
                   ANSELE   0x000f3c       data     extern E:\c18v3.46\pic18-lt\cxx-framework\src\traditional\proc\p18f46k22.asm
               ANSELEbits   0x000f3c       data     extern E:\c18v3.46\pic18-lt\cxx-framework\src\traditional\proc\p18f46k22.asm
                AppConfig   0x000087       data     extern C:\Users\AkenOo\MPLABXProjects\Final0.2.X\Main.c
                 BAUD1CON   0x000fb8       data     extern E:\c18v3.46\pic18-lt\cxx-framework\src\traditional\proc\p18f46k22.asm
             BAUD1CONbits   0x000fb8       data     extern E:\c18v3.46\pic18-lt\cxx-framework\src\traditional\proc\p18f46k22.asm
                 BAUD2CON   0x000f70       data     extern E:\c18v3.46\pic18-lt\cxx-framework\src\traditional\proc\p18f46k22.asm
             BAUD2CONbits   0x000f70       data     extern E:\c18v3.46\pic18-lt\cxx-framework\src\traditional\proc\p18f46k22.asm
                  BAUDCON   0x000fb8       data     extern E:\c18v3.46\pic18-lt\cxx-framework\src\traditional\proc\p18f46k22.asm
                 BAUDCON1   0x000fb8       data     extern E:\c18v3.46\pic18-lt\cxx-framework\src\traditional\proc\p18f46k22.asm
             BAUDCON1bits   0x000fb8       data     extern E:\c18v3.46\pic18-lt\cxx-framework\src\traditional\proc\p18f46k22.asm
                 BAUDCON2   0x000f70       data     extern E:\c18v3.46\pic18-lt\cxx-framework\src\traditional\proc\p18f46k22.asm
             BAUDCON2bits   0x000f70       data     extern E:\c18v3.46\pic18-lt\cxx-framework\src\traditional\proc\p18f46k22.asm
              BAUDCONbits   0x000fb8       data     extern E:\c18v3.46\pic18-lt\cxx-framework\src\traditional\proc\p18f46k22.asm
                  BAUDCTL   0x000fb8       data     extern E:\c18v3.46\pic18-lt\cxx-framework\src\traditional\proc\p18f46k22.asm
              BAUDCTLbits   0x000fb8       data     extern E:\c18v3.46\pic18-lt\cxx-framework\src\traditional\proc\p18f46k22.asm
                      BSR   0x000fe0       data     extern E:\c18v3.46\pic18-lt\cxx-framework\src\traditional\proc\p18f46k22.asm
                     CBBT   0x00011c       data     extern C:\Users\AkenOo\MPLABXProjects\Final0.2.X\TIOS.c
                    CBETH   0x000114       data     extern C:\Users\AkenOo\MPLABXProjects\Final0.2.X\TIOS.c
                   CBRFID   0x00011a       data     extern C:\Users\AkenOo\MPLABXProjects\Final0.2.X\TIOS.c
                  CBUSART   0x000116       data     extern C:\Users\AkenOo\MPLABXProjects\Final0.2.X\TIOS.c
            CBUSARTRECEPT   0x000118       data     extern C:\Users\AkenOo\MPLABXProjects\Final0.2.X\TIOS.c
                  CCP1CON   0x000fbd       data     extern E:\c18v3.46\pic18-lt\cxx-framework\src\traditional\proc\p18f46k22.asm
              CCP1CONbits   0x000fbd       data     extern E:\c18v3.46\pic18-lt\cxx-framework\src\traditional\proc\p18f46k22.asm
                   CCP2AS   0x000f64       data     extern E:\c18v3.46\pic18-lt\cxx-framework\src\traditional\proc\p18f46k22.asm
               CCP2ASbits   0x000f64       data     extern E:\c18v3.46\pic18-lt\cxx-framework\src\traditional\proc\p18f46k22.asm
                  CCP2CON   0x000f66       data     extern E:\c18v3.46\pic18-lt\cxx-framework\src\traditional\proc\p18f46k22.asm
              CCP2CONbits   0x000f66       data     extern E:\c18v3.46\pic18-lt\cxx-framework\src\traditional\proc\p18f46k22.asm
                   CCP3AS   0x000f5b       data     extern E:\c18v3.46\pic18-lt\cxx-framework\src\traditional\proc\p18f46k22.asm
               CCP3ASbits   0x000f5b       data     extern E:\c18v3.46\pic18-lt\cxx-framework\src\traditional\proc\p18f46k22.asm
                  CCP3CON   0x000f5d       data     extern E:\c18v3.46\pic18-lt\cxx-framework\src\traditional\proc\p18f46k22.asm
              CCP3CONbits   0x000f5d       data     extern E:\c18v3.46\pic18-lt\cxx-framework\src\traditional\proc\p18f46k22.asm
                  CCP4CON   0x000f57       data     extern E:\c18v3.46\pic18-lt\cxx-framework\src\traditional\proc\p18f46k22.asm
              CCP4CONbits   0x000f57       data     extern E:\c18v3.46\pic18-lt\cxx-framework\src\traditional\proc\p18f46k22.asm
                  CCP5CON   0x000f54       data     extern E:\c18v3.46\pic18-lt\cxx-framework\src\traditional\proc\p18f46k22.asm
              CCP5CONbits   0x000f54       data     extern E:\c18v3.46\pic18-lt\cxx-framework\src\traditional\proc\p18f46k22.asm
                    CCPR1   0x000fbe       data     extern E:\c18v3.46\pic18-lt\cxx-framework\src\traditional\proc\p18f46k22.asm
                   CCPR1H   0x000fbf       data     extern E:\c18v3.46\pic18-lt\cxx-framework\src\traditional\proc\p18f46k22.asm
                   CCPR1L   0x000fbe       data     extern E:\c18v3.46\pic18-lt\cxx-framework\src\traditional\proc\p18f46k22.asm
                    CCPR2   0x000f67       data     extern E:\c18v3.46\pic18-lt\cxx-framework\src\traditional\proc\p18f46k22.asm
                   CCPR2H   0x000f68       data     extern E:\c18v3.46\pic18-lt\cxx-framework\src\traditional\proc\p18f46k22.asm
                   CCPR2L   0x000f67       data     extern E:\c18v3.46\pic18-lt\cxx-framework\src\traditional\proc\p18f46k22.asm
                    CCPR3   0x000f5e       data     extern E:\c18v3.46\pic18-lt\cxx-framework\src\traditional\proc\p18f46k22.asm
                   CCPR3H   0x000f5f       data     extern E:\c18v3.46\pic18-lt\cxx-framework\src\traditional\proc\p18f46k22.asm
                   CCPR3L   0x000f5e       data     extern E:\c18v3.46\pic18-lt\cxx-framework\src\traditional\proc\p18f46k22.asm
                    CCPR4   0x000f58       data     extern E:\c18v3.46\pic18-lt\cxx-framework\src\traditional\proc\p18f46k22.asm
                   CCPR4H   0x000f59       data     extern E:\c18v3.46\pic18-lt\cxx-framework\src\traditional\proc\p18f46k22.asm
                   CCPR4L   0x000f58       data     extern E:\c18v3.46\pic18-lt\cxx-framework\src\traditional\proc\p18f46k22.asm
                    CCPR5   0x000f55       data     extern E:\c18v3.46\pic18-lt\cxx-framework\src\traditional\proc\p18f46k22.asm
                   CCPR5H   0x000f56       data     extern E:\c18v3.46\pic18-lt\cxx-framework\src\traditional\proc\p18f46k22.asm
                   CCPR5L   0x000f55       data     extern E:\c18v3.46\pic18-lt\cxx-framework\src\traditional\proc\p18f46k22.asm
                 CCPTMRS0   0x000f49       data     extern E:\c18v3.46\pic18-lt\cxx-framework\src\traditional\proc\p18f46k22.asm
             CCPTMRS0bits   0x000f49       data     extern E:\c18v3.46\pic18-lt\cxx-framework\src\traditional\proc\p18f46k22.asm
                 CCPTMRS1   0x000f48       data     extern E:\c18v3.46\pic18-lt\cxx-framework\src\traditional\proc\p18f46k22.asm
             CCPTMRS1bits   0x000f48       data     extern E:\c18v3.46\pic18-lt\cxx-framework\src\traditional\proc\p18f46k22.asm
                  CM12CON   0x000f77       data     extern E:\c18v3.46\pic18-lt\cxx-framework\src\traditional\proc\p18f46k22.asm
              CM12CONbits   0x000f77       data     extern E:\c18v3.46\pic18-lt\cxx-framework\src\traditional\proc\p18f46k22.asm
                   CM1CON   0x000f79       data     extern E:\c18v3.46\pic18-lt\cxx-framework\src\traditional\proc\p18f46k22.asm
                  CM1CON0   0x000f79       data     extern E:\c18v3.46\pic18-lt\cxx-framework\src\traditional\proc\p18f46k22.asm
              CM1CON0bits   0x000f79       data     extern E:\c18v3.46\pic18-lt\cxx-framework\src\traditional\proc\p18f46k22.asm
               CM1CONbits   0x000f79       data     extern E:\c18v3.46\pic18-lt\cxx-framework\src\traditional\proc\p18f46k22.asm
                   CM2CON   0x000f78       data     extern E:\c18v3.46\pic18-lt\cxx-framework\src\traditional\proc\p18f46k22.asm
                  CM2CON0   0x000f78       data     extern E:\c18v3.46\pic18-lt\cxx-framework\src\traditional\proc\p18f46k22.asm
              CM2CON0bits   0x000f78       data     extern E:\c18v3.46\pic18-lt\cxx-framework\src\traditional\proc\p18f46k22.asm
                  CM2CON1   0x000f77       data     extern E:\c18v3.46\pic18-lt\cxx-framework\src\traditional\proc\p18f46k22.asm
              CM2CON1bits   0x000f77       data     extern E:\c18v3.46\pic18-lt\cxx-framework\src\traditional\proc\p18f46k22.asm
               CM2CONbits   0x000f78       data     extern E:\c18v3.46\pic18-lt\cxx-framework\src\traditional\proc\p18f46k22.asm
                 CTMUCON0   0x000f45       data     extern E:\c18v3.46\pic18-lt\cxx-framework\src\traditional\proc\p18f46k22.asm
             CTMUCON0bits   0x000f45       data     extern E:\c18v3.46\pic18-lt\cxx-framework\src\traditional\proc\p18f46k22.asm
                 CTMUCON1   0x000f44       data     extern E:\c18v3.46\pic18-lt\cxx-framework\src\traditional\proc\p18f46k22.asm
             CTMUCON1bits   0x000f44       data     extern E:\c18v3.46\pic18-lt\cxx-framework\src\traditional\proc\p18f46k22.asm
                 CTMUCONH   0x000f45       data     extern E:\c18v3.46\pic18-lt\cxx-framework\src\traditional\proc\p18f46k22.asm
             CTMUCONHbits   0x000f45       data     extern E:\c18v3.46\pic18-lt\cxx-framework\src\traditional\proc\p18f46k22.asm
                 CTMUCONL   0x000f44       data     extern E:\c18v3.46\pic18-lt\cxx-framework\src\traditional\proc\p18f46k22.asm
             CTMUCONLbits   0x000f44       data     extern E:\c18v3.46\pic18-lt\cxx-framework\src\traditional\proc\p18f46k22.asm
                 CTMUICON   0x000f43       data     extern E:\c18v3.46\pic18-lt\cxx-framework\src\traditional\proc\p18f46k22.asm
                CTMUICONH   0x000f43       data     extern E:\c18v3.46\pic18-lt\cxx-framework\src\traditional\proc\p18f46k22.asm
            CTMUICONHbits   0x000f43       data     extern E:\c18v3.46\pic18-lt\cxx-framework\src\traditional\proc\p18f46k22.asm
             CTMUICONbits   0x000f43       data     extern E:\c18v3.46\pic18-lt\cxx-framework\src\traditional\proc\p18f46k22.asm
                    Cache   0x000f00       data     static C:\Users\AkenOo\MPLABXProjects\Final0.2.X\ARP.c
    CurrentPacketLocation   0x00024d       data     static C:\Users\AkenOo\MPLABXProjects\Final0.2.X\ENC28J60.c
                  DACCON0   0x000f41       data     extern E:\c18v3.46\pic18-lt\cxx-framework\src\traditional\proc\p18f46k22.asm
              DACCON0bits   0x000f41       data     extern E:\c18v3.46\pic18-lt\cxx-framework\src\traditional\proc\p18f46k22.asm
                  DACCON1   0x000f40       data     extern E:\c18v3.46\pic18-lt\cxx-framework\src\traditional\proc\p18f46k22.asm
              DACCON1bits   0x000f40       data     extern E:\c18v3.46\pic18-lt\cxx-framework\src\traditional\proc\p18f46k22.asm
                     DDRA   0x000f92       data     extern E:\c18v3.46\pic18-lt\cxx-framework\src\traditional\proc\p18f46k22.asm
                 DDRAbits   0x000f92       data     extern E:\c18v3.46\pic18-lt\cxx-framework\src\traditional\proc\p18f46k22.asm
                     DDRB   0x000f93       data     extern E:\c18v3.46\pic18-lt\cxx-framework\src\traditional\proc\p18f46k22.asm
                 DDRBbits   0x000f93       data     extern E:\c18v3.46\pic18-lt\cxx-framework\src\traditional\proc\p18f46k22.asm
                     DDRC   0x000f94       data     extern E:\c18v3.46\pic18-lt\cxx-framework\src\traditional\proc\p18f46k22.asm
                 DDRCbits   0x000f94       data     extern E:\c18v3.46\pic18-lt\cxx-framework\src\traditional\proc\p18f46k22.asm
                     DDRD   0x000f95       data     extern E:\c18v3.46\pic18-lt\cxx-framework\src\traditional\proc\p18f46k22.asm
                 DDRDbits   0x000f95       data     extern E:\c18v3.46\pic18-lt\cxx-framework\src\traditional\proc\p18f46k22.asm
                     DDRE   0x000f96       data     extern E:\c18v3.46\pic18-lt\cxx-framework\src\traditional\proc\p18f46k22.asm
                 DDREbits   0x000f96       data     extern E:\c18v3.46\pic18-lt\cxx-framework\src\traditional\proc\p18f46k22.asm
            DelayCounter1   0x000023       data     extern E:\c18v3.46\pic18-lt\cxx-framework\src\traditional\delays\delayd1.asm
            DelayCounter2   0x000022       data     extern E:\c18v3.46\pic18-lt\cxx-framework\src\traditional\delays\delayd2.asm
               DonneEnvoi   0x0000ba       data     extern C:\Users\AkenOo\MPLABXProjects\Final0.2.X\Main.c
                  ECCP1AS   0x000fb6       data     extern E:\c18v3.46\pic18-lt\cxx-framework\src\traditional\proc\p18f46k22.asm
              ECCP1ASbits   0x000fb6       data     extern E:\c18v3.46\pic18-lt\cxx-framework\src\traditional\proc\p18f46k22.asm
                  ECCP2AS   0x000f64       data     extern E:\c18v3.46\pic18-lt\cxx-framework\src\traditional\proc\p18f46k22.asm
              ECCP2ASbits   0x000f64       data     extern E:\c18v3.46\pic18-lt\cxx-framework\src\traditional\proc\p18f46k22.asm
                  ECCP3AS   0x000f5b       data     extern E:\c18v3.46\pic18-lt\cxx-framework\src\traditional\proc\p18f46k22.asm
              ECCP3ASbits   0x000f5b       data     extern E:\c18v3.46\pic18-lt\cxx-framework\src\traditional\proc\p18f46k22.asm
                   ECCPAS   0x000fb6       data     extern E:\c18v3.46\pic18-lt\cxx-framework\src\traditional\proc\p18f46k22.asm
               ECCPASbits   0x000fb6       data     extern E:\c18v3.46\pic18-lt\cxx-framework\src\traditional\proc\p18f46k22.asm
                    EEADR   0x000fa9       data     extern E:\c18v3.46\pic18-lt\cxx-framework\src\traditional\proc\p18f46k22.asm
                   EEADRH   0x000faa       data     extern E:\c18v3.46\pic18-lt\cxx-framework\src\traditional\proc\p18f46k22.asm
               EEADRHbits   0x000faa       data     extern E:\c18v3.46\pic18-lt\cxx-framework\src\traditional\proc\p18f46k22.asm
                EEADRbits   0x000fa9       data     extern E:\c18v3.46\pic18-lt\cxx-framework\src\traditional\proc\p18f46k22.asm
                   EECON1   0x000fa6       data     extern E:\c18v3.46\pic18-lt\cxx-framework\src\traditional\proc\p18f46k22.asm
               EECON1bits   0x000fa6       data     extern E:\c18v3.46\pic18-lt\cxx-framework\src\traditional\proc\p18f46k22.asm
                   EECON2   0x000fa7       data     extern E:\c18v3.46\pic18-lt\cxx-framework\src\traditional\proc\p18f46k22.asm
                   EEDATA   0x000fa8       data     extern E:\c18v3.46\pic18-lt\cxx-framework\src\traditional\proc\p18f46k22.asm
                 ENCRevID   0x000250       data     static C:\Users\AkenOo\MPLABXProjects\Final0.2.X\ENC28J60.c
                     FSR0   0x000fe9       data     extern E:\c18v3.46\pic18-lt\cxx-framework\src\traditional\proc\p18f46k22.asm
                    FSR0H   0x000fea       data     extern E:\c18v3.46\pic18-lt\cxx-framework\src\traditional\proc\p18f46k22.asm
                    FSR0L   0x000fe9       data     extern E:\c18v3.46\pic18-lt\cxx-framework\src\traditional\proc\p18f46k22.asm
                     FSR1   0x000fe1       data     extern E:\c18v3.46\pic18-lt\cxx-framework\src\traditional\proc\p18f46k22.asm
                    FSR1H   0x000fe2       data     extern E:\c18v3.46\pic18-lt\cxx-framework\src\traditional\proc\p18f46k22.asm
                    FSR1L   0x000fe1       data     extern E:\c18v3.46\pic18-lt\cxx-framework\src\traditional\proc\p18f46k22.asm
                     FSR2   0x000fd9       data     extern E:\c18v3.46\pic18-lt\cxx-framework\src\traditional\proc\p18f46k22.asm
                    FSR2H   0x000fda       data     extern E:\c18v3.46\pic18-lt\cxx-framework\src\traditional\proc\p18f46k22.asm
                    FSR2L   0x000fd9       data     extern E:\c18v3.46\pic18-lt\cxx-framework\src\traditional\proc\p18f46k22.asm
                   FVRCON   0x000f42       data     extern E:\c18v3.46\pic18-lt\cxx-framework\src\traditional\proc\p18f46k22.asm
               FVRCONbits   0x000f42       data     extern E:\c18v3.46\pic18-lt\cxx-framework\src\traditional\proc\p18f46k22.asm
             FlagEcriture   0x000f33       data     extern C:\Users\AkenOo\MPLABXProjects\Final0.2.X\TIOS.c
              FlagLecture   0x000f32       data     extern C:\Users\AkenOo\MPLABXProjects\Final0.2.X\TIOS.c
                  HLVDCON   0x000f9c       data     extern E:\c18v3.46\pic18-lt\cxx-framework\src\traditional\proc\p18f46k22.asm
              HLVDCONbits   0x000f9c       data     extern E:\c18v3.46\pic18-lt\cxx-framework\src\traditional\proc\p18f46k22.asm
                ICMPFlags   0x00025e       data     static C:\Users\AkenOo\MPLABXProjects\Final0.2.X\ICMP.c
                ICMPState   0x000f24       data     static C:\Users\AkenOo\MPLABXProjects\Final0.2.X\ICMP.c
                ICMPTimer   0x000f16       data     static C:\Users\AkenOo\MPLABXProjects\Final0.2.X\ICMP.c
                    INDF0   0x000fef       data     extern E:\c18v3.46\pic18-lt\cxx-framework\src\traditional\proc\p18f46k22.asm
                    INDF1   0x000fe7       data     extern E:\c18v3.46\pic18-lt\cxx-framework\src\traditional\proc\p18f46k22.asm
                    INDF2   0x000fdf       data     extern E:\c18v3.46\pic18-lt\cxx-framework\src\traditional\proc\p18f46k22.asm
                   INTCON   0x000ff2       data     extern E:\c18v3.46\pic18-lt\cxx-framework\src\traditional\proc\p18f46k22.asm
                  INTCON2   0x000ff1       data     extern E:\c18v3.46\pic18-lt\cxx-framework\src\traditional\proc\p18f46k22.asm
              INTCON2bits   0x000ff1       data     extern E:\c18v3.46\pic18-lt\cxx-framework\src\traditional\proc\p18f46k22.asm
                  INTCON3   0x000ff0       data     extern E:\c18v3.46\pic18-lt\cxx-framework\src\traditional\proc\p18f46k22.asm
              INTCON3bits   0x000ff0       data     extern E:\c18v3.46\pic18-lt\cxx-framework\src\traditional\proc\p18f46k22.asm
               INTCONbits   0x000ff2       data     extern E:\c18v3.46\pic18-lt\cxx-framework\src\traditional\proc\p18f46k22.asm
                     IOCB   0x000f62       data     extern E:\c18v3.46\pic18-lt\cxx-framework\src\traditional\proc\p18f46k22.asm
                 IOCBbits   0x000f62       data     extern E:\c18v3.46\pic18-lt\cxx-framework\src\traditional\proc\p18f46k22.asm
              IPHeaderLen   0x00025d       data     static C:\Users\AkenOo\MPLABXProjects\Final0.2.X\IP.c
                     IPR1   0x000f9f       data     extern E:\c18v3.46\pic18-lt\cxx-framework\src\traditional\proc\p18f46k22.asm
[...]
                   SPBRG1   0x000faf       data     extern E:\c18v3.46\pic18-lt\cxx-framework\src\traditional\proc\p18f46k22.asm
                    SPBRG   0x000faf       data     extern E:\c18v3.46\pic18-lt\cxx-framework\src\traditional\proc\p18f46k22.asm
                SPBRGbits   0x000faf       data     extern E:\c18v3.46\pic18-lt\cxx-framework\src\traditional\proc\p18f46k22.asm
                   SP1BRG   0x000faf       data     extern E:\c18v3.46\pic18-lt\cxx-framework\src\traditional\proc\p18f46k22.asm
               SP1BRGbits   0x000faf       data     extern E:\c18v3.46\pic18-lt\cxx-framework\src\traditional\proc\p18f46k22.asm
                  SP1BRGH   0x000fb0       data     extern E:\c18v3.46\pic18-lt\cxx-framework\src\traditional\proc\p18f46k22.asm
                   SPBRGH   0x000fb0       data     extern E:\c18v3.46\pic18-lt\cxx-framework\src\traditional\proc\p18f46k22.asm
                  SPBRGH1   0x000fb0       data     extern E:\c18v3.46\pic18-lt\cxx-framework\src\traditional\proc\p18f46k22.asm
              SP1BRGHbits   0x000fb0       data     extern E:\c18v3.46\pic18-lt\cxx-framework\src\traditional\proc\p18f46k22.asm
              SPBRGH1bits   0x000fb0       data     extern E:\c18v3.46\pic18-lt\cxx-framework\src\traditional\proc\p18f46k22.asm
               SPBRGHbits   0x000fb0       data     extern E:\c18v3.46\pic18-lt\cxx-framework\src\traditional\proc\p18f46k22.asm
                T3CONbits   0x000fb1       data     extern E:\c18v3.46\pic18-lt\cxx-framework\src\traditional\proc\p18f46k22.asm
                    T3CON   0x000fb1       data     extern E:\c18v3.46\pic18-lt\cxx-framework\src\traditional\proc\p18f46k22.asm
                    TMR3L   0x000fb2       data     extern E:\c18v3.46\pic18-lt\cxx-framework\src\traditional\proc\p18f46k22.asm
                    TMR3H   0x000fb3       data     extern E:\c18v3.46\pic18-lt\cxx-framework\src\traditional\proc\p18f46k22.asm
                   T3GCON   0x000fb4       data     extern E:\c18v3.46\pic18-lt\cxx-framework\src\traditional\proc\p18f46k22.asm
               T3GCONbits   0x000fb4       data     extern E:\c18v3.46\pic18-lt\cxx-framework\src\traditional\proc\p18f46k22.asm
              ECCP1ASbits   0x000fb6       data     extern E:\c18v3.46\pic18-lt\cxx-framework\src\traditional\proc\p18f46k22.asm
                   ECCPAS   0x000fb6       data     extern E:\c18v3.46\pic18-lt\cxx-framework\src\traditional\proc\p18f46k22.asm
               ECCPASbits   0x000fb6       data     extern E:\c18v3.46\pic18-lt\cxx-framework\src\traditional\proc\p18f46k22.asm
                  ECCP1AS   0x000fb6       data     extern E:\c18v3.46\pic18-lt\cxx-framework\src\traditional\proc\p18f46k22.asm
               PWMCONbits   0x000fb7       data     extern E:\c18v3.46\pic18-lt\cxx-framework\src\traditional\proc\p18f46k22.asm
                   PWMCON   0x000fb7       data     extern E:\c18v3.46\pic18-lt\cxx-framework\src\traditional\proc\p18f46k22.asm
              PWM1CONbits   0x000fb7       data     extern E:\c18v3.46\pic18-lt\cxx-framework\src\traditional\proc\p18f46k22.asm
                  PWM1CON   0x000fb7       data     extern E:\c18v3.46\pic18-lt\cxx-framework\src\traditional\proc\p18f46k22.asm
                  BAUDCTL   0x000fb8       data     extern E:\c18v3.46\pic18-lt\cxx-framework\src\traditional\proc\p18f46k22.asm
              BAUDCTLbits   0x000fb8       data     extern E:\c18v3.46\pic18-lt\cxx-framework\src\traditional\proc\p18f46k22.asm
              BAUDCONbits   0x000fb8       data     extern E:\c18v3.46\pic18-lt\cxx-framework\src\traditional\proc\p18f46k22.asm
             BAUDCON1bits   0x000fb8       data     extern E:\c18v3.46\pic18-lt\cxx-framework\src\traditional\proc\p18f46k22.asm
                 BAUDCON1   0x000fb8       data     extern E:\c18v3.46\pic18-lt\cxx-framework\src\traditional\proc\p18f46k22.asm
                  BAUDCON   0x000fb8       data     extern E:\c18v3.46\pic18-lt\cxx-framework\src\traditional\proc\p18f46k22.asm
                 BAUD1CON   0x000fb8       data     extern E:\c18v3.46\pic18-lt\cxx-framework\src\traditional\proc\p18f46k22.asm
             BAUD1CONbits   0x000fb8       data     extern E:\c18v3.46\pic18-lt\cxx-framework\src\traditional\proc\p18f46k22.asm
              PSTRCONbits   0x000fb9       data     extern E:\c18v3.46\pic18-lt\cxx-framework\src\traditional\proc\p18f46k22.asm
                  PSTRCON   0x000fb9       data     extern E:\c18v3.46\pic18-lt\cxx-framework\src\traditional\proc\p18f46k22.asm
             PSTR1CONbits   0x000fb9       data     extern E:\c18v3.46\pic18-lt\cxx-framework\src\traditional\proc\p18f46k22.asm
                 PSTR1CON   0x000fb9       data     extern E:\c18v3.46\pic18-lt\cxx-framework\src\traditional\proc\p18f46k22.asm
                T2CONbits   0x000fba       data     extern E:\c18v3.46\pic18-lt\cxx-framework\src\traditional\proc\p18f46k22.asm
                    T2CON   0x000fba       data     extern E:\c18v3.46\pic18-lt\cxx-framework\src\traditional\proc\p18f46k22.asm
                      PR2   0x000fbb       data     extern E:\c18v3.46\pic18-lt\cxx-framework\src\traditional\proc\p18f46k22.asm
                     TMR2   0x000fbc       data     extern E:\c18v3.46\pic18-lt\cxx-framework\src\traditional\proc\p18f46k22.asm
              CCP1CONbits   0x000fbd       data     extern E:\c18v3.46\pic18-lt\cxx-framework\src\traditional\proc\p18f46k22.asm
                  CCP1CON   0x000fbd       data     extern E:\c18v3.46\pic18-lt\cxx-framework\src\traditional\proc\p18f46k22.asm
                    CCPR1   0x000fbe       data     extern E:\c18v3.46\pic18-lt\cxx-framework\src\traditional\proc\p18f46k22.asm
                   CCPR1L   0x000fbe       data     extern E:\c18v3.46\pic18-lt\cxx-framework\src\traditional\proc\p18f46k22.asm
                   CCPR1H   0x000fbf       data     extern E:\c18v3.46\pic18-lt\cxx-framework\src\traditional\proc\p18f46k22.asm
               ADCON2bits   0x000fc0       data     extern E:\c18v3.46\pic18-lt\cxx-framework\src\traditional\proc\p18f46k22.asm
                   ADCON2   0x000fc0       data     extern E:\c18v3.46\pic18-lt\cxx-framework\src\traditional\proc\p18f46k22.asm
               ADCON1bits   0x000fc1       data     extern E:\c18v3.46\pic18-lt\cxx-framework\src\traditional\proc\p18f46k22.asm
                   ADCON1   0x000fc1       data     extern E:\c18v3.46\pic18-lt\cxx-framework\src\traditional\proc\p18f46k22.asm
                   ADCON0   0x000fc2       data     extern E:\c18v3.46\pic18-lt\cxx-framework\src\traditional\proc\p18f46k22.asm
               ADCON0bits   0x000fc2       data     extern E:\c18v3.46\pic18-lt\cxx-framework\src\traditional\proc\p18f46k22.asm
                    ADRES   0x000fc3       data     extern E:\c18v3.46\pic18-lt\cxx-framework\src\traditional\proc\p18f46k22.asm
                   ADRESL   0x000fc3       data     extern E:\c18v3.46\pic18-lt\cxx-framework\src\traditional\proc\p18f46k22.asm
                   ADRESH   0x000fc4       data     extern E:\c18v3.46\pic18-lt\cxx-framework\src\traditional\proc\p18f46k22.asm
                 SSP1CON2   0x000fc5       data     extern E:\c18v3.46\pic18-lt\cxx-framework\src\traditional\proc\p18f46k22.asm
             SSP1CON2bits   0x000fc5       data     extern E:\c18v3.46\pic18-lt\cxx-framework\src\traditional\proc\p18f46k22.asm
              SSPCON2bits   0x000fc5       data     extern E:\c18v3.46\pic18-lt\cxx-framework\src\traditional\proc\p18f46k22.asm
                  SSPCON2   0x000fc5       data     extern E:\c18v3.46\pic18-lt\cxx-framework\src\traditional\proc\p18f46k22.asm
                 SSP1CON1   0x000fc6       data     extern E:\c18v3.46\pic18-lt\cxx-framework\src\traditional\proc\p18f46k22.asm
              SSPCON1bits   0x000fc6       data     extern E:\c18v3.46\pic18-lt\cxx-framework\src\traditional\proc\p18f46k22.asm
                  SSPCON1   0x000fc6       data     extern E:\c18v3.46\pic18-lt\cxx-framework\src\traditional\proc\p18f46k22.asm
             SSP1CON1bits   0x000fc6       data     extern E:\c18v3.46\pic18-lt\cxx-framework\src\traditional\proc\p18f46k22.asm
             SSP1STATbits   0x000fc7       data     extern E:\c18v3.46\pic18-lt\cxx-framework\src\traditional\proc\p18f46k22.asm
                 SSP1STAT   0x000fc7       data     extern E:\c18v3.46\pic18-lt\cxx-framework\src\traditional\proc\p18f46k22.asm
              SSPSTATbits   0x000fc7       data     extern E:\c18v3.46\pic18-lt\cxx-framework\src\traditional\proc\p18f46k22.asm
                  SSPSTAT   0x000fc7       data     extern E:\c18v3.46\pic18-lt\cxx-framework\src\traditional\proc\p18f46k22.asm
                  SSP1ADD   0x000fc8       data     extern E:\c18v3.46\pic18-lt\cxx-framework\src\traditional\proc\p18f46k22.asm
              SSP1ADDbits   0x000fc8       data     extern E:\c18v3.46\pic18-lt\cxx-framework\src\traditional\proc\p18f46k22.asm
                   SSPADD   0x000fc8       data     extern E:\c18v3.46\pic18-lt\cxx-framework\src\traditional\proc\p18f46k22.asm
               SSPADDbits   0x000fc8       data     extern E:\c18v3.46\pic18-lt\cxx-framework\src\traditional\proc\p18f46k22.asm
                  SSP1BUF   0x000fc9       data     extern E:\c18v3.46\pic18-lt\cxx-framework\src\traditional\proc\p18f46k22.asm
              SSP1BUFbits   0x000fc9       data     extern E:\c18v3.46\pic18-lt\cxx-framework\src\traditional\proc\p18f46k22.asm
               SSPBUFbits   0x000fc9       data     extern E:\c18v3.46\pic18-lt\cxx-framework\src\traditional\proc\p18f46k22.asm
                   SSPBUF   0x000fc9       data     extern E:\c18v3.46\pic18-lt\cxx-framework\src\traditional\proc\p18f46k22.asm
              SSP1MSKbits   0x000fca       data     extern E:\c18v3.46\pic18-lt\cxx-framework\src\traditional\proc\p18f46k22.asm
                  SSP1MSK   0x000fca       data     extern E:\c18v3.46\pic18-lt\cxx-framework\src\traditional\proc\p18f46k22.asm
               SSPMSKbits   0x000fca       data     extern E:\c18v3.46\pic18-lt\cxx-framework\src\traditional\proc\p18f46k22.asm
                   SSPMSK   0x000fca       data     extern E:\c18v3.46\pic18-lt\cxx-framework\src\traditional\proc\p18f46k22.asm
              SSPCON3bits   0x000fcb       data     extern E:\c18v3.46\pic18-lt\cxx-framework\src\traditional\proc\p18f46k22.asm
             SSP1CON3bits   0x000fcb       data     extern E:\c18v3.46\pic18-lt\cxx-framework\src\traditional\proc\p18f46k22.asm
                 SSP1CON3   0x000fcb       data     extern E:\c18v3.46\pic18-lt\cxx-framework\src\traditional\proc\p18f46k22.asm
                  SSPCON3   0x000fcb       data     extern E:\c18v3.46\pic18-lt\cxx-framework\src\traditional\proc\p18f46k22.asm
                   T1GCON   0x000fcc       data     extern E:\c18v3.46\pic18-lt\cxx-framework\src\traditional\proc\p18f46k22.asm
               T1GCONbits   0x000fcc       data     extern E:\c18v3.46\pic18-lt\cxx-framework\src\traditional\proc\p18f46k22.asm
                T1CONbits   0x000fcd       data     extern E:\c18v3.46\pic18-lt\cxx-framework\src\traditional\proc\p18f46k22.asm
                    T1CON   0x000fcd       data     extern E:\c18v3.46\pic18-lt\cxx-framework\src\traditional\proc\p18f46k22.asm
                    TMR1L   0x000fce       data     extern E:\c18v3.46\pic18-lt\cxx-framework\src\traditional\proc\p18f46k22.asm
                    TMR1H   0x000fcf       data     extern E:\c18v3.46\pic18-lt\cxx-framework\src\traditional\proc\p18f46k22.asm
                 RCONbits   0x000fd0       data     extern E:\c18v3.46\pic18-lt\cxx-framework\src\traditional\proc\p18f46k22.asm
                     RCON   0x000fd0       data     extern E:\c18v3.46\pic18-lt\cxx-framework\src\traditional\proc\p18f46k22.asm
               WDTCONbits   0x000fd1       data     extern E:\c18v3.46\pic18-lt\cxx-framework\src\traditional\proc\p18f46k22.asm
                   WDTCON   0x000fd1       data     extern E:\c18v3.46\pic18-lt\cxx-framework\src\traditional\proc\p18f46k22.asm
                  OSCCON2   0x000fd2       data     extern E:\c18v3.46\pic18-lt\cxx-framework\src\traditional\proc\p18f46k22.asm
              OSCCON2bits   0x000fd2       data     extern E:\c18v3.46\pic18-lt\cxx-framework\src\traditional\proc\p18f46k22.asm
               OSCCONbits   0x000fd3       data     extern E:\c18v3.46\pic18-lt\cxx-framework\src\traditional\proc\p18f46k22.asm
                   OSCCON   0x000fd3       data     extern E:\c18v3.46\pic18-lt\cxx-framework\src\traditional\proc\p18f46k22.asm
                    T0CON   0x000fd5       data     extern E:\c18v3.46\pic18-lt\cxx-framework\src\traditional\proc\p18f46k22.asm
                T0CONbits   0x000fd5       data     extern E:\c18v3.46\pic18-lt\cxx-framework\src\traditional\proc\p18f46k22.asm
                    TMR0L   0x000fd6       data     extern E:\c18v3.46\pic18-lt\cxx-framework\src\traditional\proc\p18f46k22.asm
                    TMR0H   0x000fd7       data     extern E:\c18v3.46\pic18-lt\cxx-framework\src\traditional\proc\p18f46k22.asm
               STATUSbits   0x000fd8       data     extern E:\c18v3.46\pic18-lt\cxx-framework\src\traditional\proc\p18f46k22.asm
                   STATUS   0x000fd8       data     extern E:\c18v3.46\pic18-lt\cxx-framework\src\traditional\proc\p18f46k22.asm
                    FSR2L   0x000fd9       data     extern E:\c18v3.46\pic18-lt\cxx-framework\src\traditional\proc\p18f46k22.asm
                     FSR2   0x000fd9       data     extern E:\c18v3.46\pic18-lt\cxx-framework\src\traditional\proc\p18f46k22.asm
                    FSR2H   0x000fda       data     extern E:\c18v3.46\pic18-lt\cxx-framework\src\traditional\proc\p18f46k22.asm
                   PLUSW2   0x000fdb       data     extern E:\c18v3.46\pic18-lt\cxx-framework\src\traditional\proc\p18f46k22.asm
                  PREINC2   0x000fdc       data     extern E:\c18v3.46\pic18-lt\cxx-framework\src\traditional\proc\p18f46k22.asm
                 POSTDEC2   0x000fdd       data     extern E:\c18v3.46\pic18-lt\cxx-framework\src\traditional\proc\p18f46k22.asm
                 POSTINC2   0x000fde       data     extern E:\c18v3.46\pic18-lt\cxx-framework\src\traditional\proc\p18f46k22.asm
                    INDF2   0x000fdf       data     extern E:\c18v3.46\pic18-lt\cxx-framework\src\traditional\proc\p18f46k22.asm
                      BSR   0x000fe0       data     extern E:\c18v3.46\pic18-lt\cxx-framework\src\traditional\proc\p18f46k22.asm
                    FSR1L   0x000fe1       data     extern E:\c18v3.46\pic18-lt\cxx-framework\src\traditional\proc\p18f46k22.asm
                     FSR1   0x000fe1       data     extern E:\c18v3.46\pic18-lt\cxx-framework\src\traditional\proc\p18f46k22.asm
                    FSR1H   0x000fe2       data     extern E:\c18v3.46\pic18-lt\cxx-framework\src\traditional\proc\p18f46k22.asm
                   PLUSW1   0x000fe3       data     extern E:\c18v3.46\pic18-lt\cxx-framework\src\traditional\proc\p18f46k22.asm
                  PREINC1   0x000fe4       data     extern E:\c18v3.46\pic18-lt\cxx-framework\src\traditional\proc\p18f46k22.asm
                 POSTDEC1   0x000fe5       data     extern E:\c18v3.46\pic18-lt\cxx-framework\src\traditional\proc\p18f46k22.asm
                 POSTINC1   0x000fe6       data     extern E:\c18v3.46\pic18-lt\cxx-framework\src\traditional\proc\p18f46k22.asm
                    INDF1   0x000fe7       data     extern E:\c18v3.46\pic18-lt\cxx-framework\src\traditional\proc\p18f46k22.asm
                        W   0x000fe8       data     extern E:\c18v3.46\pic18-lt\cxx-framework\src\traditional\proc\p18f46k22.asm
                     WREG   0x000fe8       data     extern E:\c18v3.46\pic18-lt\cxx-framework\src\traditional\proc\p18f46k22.asm
                     FSR0   0x000fe9       data     extern E:\c18v3.46\pic18-lt\cxx-framework\src\traditional\proc\p18f46k22.asm
                    FSR0L   0x000fe9       data     extern E:\c18v3.46\pic18-lt\cxx-framework\src\traditional\proc\p18f46k22.asm
                    FSR0H   0x000fea       data     extern E:\c18v3.46\pic18-lt\cxx-framework\src\traditional\proc\p18f46k22.asm
                   PLUSW0   0x000feb       data     extern E:\c18v3.46\pic18-lt\cxx-framework\src\traditional\proc\p18f46k22.asm
                  PREINC0   0x000fec       data     extern E:\c18v3.46\pic18-lt\cxx-framework\src\traditional\proc\p18f46k22.asm
                 POSTDEC0   0x000fed       data     extern E:\c18v3.46\pic18-lt\cxx-framework\src\traditional\proc\p18f46k22.asm
                 POSTINC0   0x000fee       data     extern E:\c18v3.46\pic18-lt\cxx-framework\src\traditional\proc\p18f46k22.asm
                    INDF0   0x000fef       data     extern E:\c18v3.46\pic18-lt\cxx-framework\src\traditional\proc\p18f46k22.asm
                  INTCON3   0x000ff0       data     extern E:\c18v3.46\pic18-lt\cxx-framework\src\traditional\proc\p18f46k22.asm
              INTCON3bits   0x000ff0       data     extern E:\c18v3.46\pic18-lt\cxx-framework\src\traditional\proc\p18f46k22.asm
                  INTCON2   0x000ff1       data     extern E:\c18v3.46\pic18-lt\cxx-framework\src\traditional\proc\p18f46k22.asm
              INTCON2bits   0x000ff1       data     extern E:\c18v3.46\pic18-lt\cxx-framework\src\traditional\proc\p18f46k22.asm
               INTCONbits   0x000ff2       data     extern E:\c18v3.46\pic18-lt\cxx-framework\src\traditional\proc\p18f46k22.asm
                   INTCON   0x000ff2       data     extern E:\c18v3.46\pic18-lt\cxx-framework\src\traditional\proc\p18f46k22.asm
                    PRODL   0x000ff3       data     extern E:\c18v3.46\pic18-lt\cxx-framework\src\traditional\proc\p18f46k22.asm
                     PROD   0x000ff3       data     extern E:\c18v3.46\pic18-lt\cxx-framework\src\traditional\proc\p18f46k22.asm
                    PRODH   0x000ff4       data     extern E:\c18v3.46\pic18-lt\cxx-framework\src\traditional\proc\p18f46k22.asm
                   TABLAT   0x000ff5       data     extern E:\c18v3.46\pic18-lt\cxx-framework\src\traditional\proc\p18f46k22.asm
                  TBLPTRL   0x000ff6       data     extern E:\c18v3.46\pic18-lt\cxx-framework\src\traditional\proc\p18f46k22.asm
                   TBLPTR   0x000ff6       data     extern E:\c18v3.46\pic18-lt\cxx-framework\src\traditional\proc\p18f46k22.asm
                  TBLPTRH   0x000ff7       data     extern E:\c18v3.46\pic18-lt\cxx-framework\src\traditional\proc\p18f46k22.asm
              TBLPTRUbits   0x000ff8       data     extern E:\c18v3.46\pic18-lt\cxx-framework\src\traditional\proc\p18f46k22.asm
                  TBLPTRU   0x000ff8       data     extern E:\c18v3.46\pic18-lt\cxx-framework\src\traditional\proc\p18f46k22.asm
                      PCL   0x000ff9       data     extern E:\c18v3.46\pic18-lt\cxx-framework\src\traditional\proc\p18f46k22.asm
                       PC   0x000ff9       data     extern E:\c18v3.46\pic18-lt\cxx-framework\src\traditional\proc\p18f46k22.asm
                   PCLATH   0x000ffa       data     extern E:\c18v3.46\pic18-lt\cxx-framework\src\traditional\proc\p18f46k22.asm
                   PCLATU   0x000ffb       data     extern E:\c18v3.46\pic18-lt\cxx-framework\src\traditional\proc\p18f46k22.asm
               STKPTRbits   0x000ffc       data     extern E:\c18v3.46\pic18-lt\cxx-framework\src\traditional\proc\p18f46k22.asm
                   STKPTR   0x000ffc       data     extern E:\c18v3.46\pic18-lt\cxx-framework\src\traditional\proc\p18f46k22.asm
                      TOS   0x000ffd       data     extern E:\c18v3.46\pic18-lt\cxx-framework\src\traditional\proc\p18f46k22.asm
                     TOSL   0x000ffd       data     extern E:\c18v3.46\pic18-lt\cxx-framework\src\traditional\proc\p18f46k22.asm
                     TOSH   0x000ffe       data     extern E:\c18v3.46\pic18-lt\cxx-framework\src\traditional\proc\p18f46k22.asm
                     TOSU   0x000fff       data     extern E:\c18v3.46\pic18-lt\cxx-framework\src\traditional\proc\p18f46k22.asm


