Microchip MPLAB XC8 Compiler V1.20 ()

Linker command line:

--edf=C:\Program Files (x86)\Microchip\xc8\v1.20\dat\en_msgs.txt -cs \
  -h+dist/default/production\1wire_usart.production.sym \
  --cmf=dist/default/production\1wire_usart.production.cmf -z -Q18F46K22 \
  -oC:\Users\etu20261\AppData\Local\Temp\s6k.6 \
  -Mdist/default/production/1wire_usart.production.map -E1 -ver=XC8 \
  -ACODE=00h-0FFFFh -ACONST=00h-0FFFFh -ASMALLCONST=01000h-010FFhx240 \
  -AMEDIUMCONST=01000h-0FFFFh -ACOMRAM=01h-05Fh -AABS1=00h-0F37h \
  -ABIGRAM=01h-0F37h -ARAM=060h-0FFh,0100h-01FFhx14,0F00h-0F37h \
  -ABANK0=060h-0FFh -ABANK1=0100h-01FFh -ABANK2=0200h-02FFh \
  -ABANK3=0300h-03FFh -ABANK4=0400h-04FFh -ABANK5=0500h-05FFh \
  -ABANK6=0600h-06FFh -ABANK7=0700h-07FFh -ABANK8=0800h-08FFh \
  -ABANK9=0900h-09FFh -ABANK10=0A00h-0AFFh -ABANK11=0B00h-0BFFh \
  -ABANK12=0C00h-0CFFh -ABANK13=0D00h-0DFFh -ABANK14=0E00h-0EFFh \
  -ABANK15=0F00h-0F37h -ASFR=0F38h-0F5Fh,0F60h-0FFFh \
  -preset_vec=00h,intcode=08h,intcodelo=018h,powerup,init,end_init \
  -pramtop=01000h -psmallconst=SMALLCONST -pmediumconst=MEDIUMCONST \
  -pconst=CONST -AFARRAM=00h-00h -ACONFIG=0300000h-030000Dh -pconfig=CONFIG \
  -AIDLOC=0200000h-0200007h -pidloc=IDLOC -AEEDATA=0F00000h-0F003FFh \
  -peeprom_data=EEDATA \
  -prdata=COMRAM,nvrram=COMRAM,nvbit=COMRAM,rbss=COMRAM,rbit=COMRAM \
  -pfarbss=FARRAM,fardata=FARRAM,nvFARRAM=FARRAM \
  -pintsave_regs=BIGRAM,bigbss=BIGRAM,bigdata=BIGRAM -pbss=RAM \
  -pidata=CODE,irdata=CODE,ibigdata=CODE,ifardata=CODE \
  C:\Users\etu20261\AppData\Local\Temp\s6k.obj \
  dist/default/production\1wire_usart.production.obj 

Object code version is 3.11

Machine type is 18F46K22

Call graph: (short form)




                Name                               Link     Load   Length Selector   Space Scale
C:\Users\etu20261\AppData\Local\Temp\s6k.obj
                end_init                             A2       A2        4        C       0
                reset_vec                             0        0        4        0       0
                idloc                            200000   200000        8   200000       0
                config                           300000   300000        E   300000       0
dist/default/production\1wire_usart.production.obj
                intcodelo                            18       18       8A        C       0
                intcode                               8        8       10        4       0
                smallconst                         1000     1000        8      800       0
                intcode_body                       2260     2260       A0      804       0
                text32                             21A8     21A8       B8      804       0
                text31                             16FC     16FC      34C      804       0
                text30                             1CAE     1CAE      1E6      804       0
                text29                             2390     2390       90      804       0
                text28                             250A     250A       44      804       0
                text27                             2300     2300       90      804       0
                text26                             27BA     27BA       26      804       0
                text25                             1FC6     1FC6      102      804       0
                text24                             26BA     26BA       3A      804       0
                text23                             1008     1008      6F4      804       0
                text22                             27E0     27E0       22      804       0
                text21                             2680     2680       3A      804       0
                text20                             2820     2820       16      804       0
                text19                             2866     2866        E      804       0
                text18                             260A     260A       3C      804       0
                text17                             2420     2420       56      804       0
                text16                             20C8     20C8       E0      804       0
                text15                             25CE     25CE       3C      804       0
                text14                             26F4     26F4       36      804       0
                text13                             275E     275E       30      804       0
                text12                             2836     2836       12      804       0
                text11                             2848     2848       10      804       0
                text10                             2858     2858        E      804       0
                text9                              2646     2646       3A      804       0
                text8                              24C0     24C0       4A      804       0
                text7                              272A     272A       34      804       0
                text6                              2802     2802       1E      804       0
                text5                              2476     2476       4A      804       0
                text4                              254E     254E       42      804       0
                text3                              1E94     1E94      132      804       0
                text2                              2874     2874        A      804       0
                text1                              2590     2590       3E      804       0
                text0                              1A48     1A48      266      804       0
                cstackCOMRAM                          1        1       32        1       1
                cstackBANK0                          60       60       38       60       1
                dataCOMRAM                           3F       3F        1        1       1
                bssCOMRAM                            33       33        C        1       1
                cinit                              278E     278E       2C      804       0
                idataCOMRAM                        287E     287E        1      804       0

TOTAL           Name                               Link     Load   Length     Space
        CLASS   CODE           
                end_init                             A2       A2        4         0
                intcodelo                            18       18       8A         0
                intcode                               8        8       10         0
                reset_vec                             0        0        4         0
                intcode_body                       2260     2260       A0         0
                text32                             21A8     21A8       B8         0
                text31                             16FC     16FC      34C         0
                text30                             1CAE     1CAE      1E6         0
                text29                             2390     2390       90         0
                text28                             250A     250A       44         0
                text27                             2300     2300       90         0
                text26                             27BA     27BA       26         0
                text25                             1FC6     1FC6      102         0
                text24                             26BA     26BA       3A         0
                text23                             1008     1008      6F4         0
                text22                             27E0     27E0       22         0
                text21                             2680     2680       3A         0
                text20                             2820     2820       16         0
                text19                             2866     2866        E         0
                text18                             260A     260A       3C         0
                text17                             2420     2420       56         0
                text16                             20C8     20C8       E0         0
                text15                             25CE     25CE       3C         0
                text14                             26F4     26F4       36         0
                text13                             275E     275E       30         0
                text12                             2836     2836       12         0
                text11                             2848     2848       10         0
                text10                             2858     2858        E         0
                text9                              2646     2646       3A         0
                text8                              24C0     24C0       4A         0
                text7                              272A     272A       34         0
                text6                              2802     2802       1E         0
                text5                              2476     2476       4A         0
                text4                              254E     254E       42         0
                text3                              1E94     1E94      132         0
                text2                              2874     2874        A         0
                text1                              2590     2590       3E         0
                text0                              1A48     1A48      266         0
                cinit                              278E     278E       2C         0
                idataCOMRAM                        287E     287E        1         0

        CLASS   CONST          

        CLASS   SMALLCONST     
                smallconst                         1000     1000        8         0

        CLASS   MEDIUMCONST    

        CLASS   COMRAM         
                cstackCOMRAM                          1        1       32         1
                dataCOMRAM                           3F       3F        1         1
                bssCOMRAM                            33       33        C         1

        CLASS   ABS1           

        CLASS   BIGRAM         

        CLASS   RAM            

        CLASS   BANK0          
                cstackBANK0                          60       60       38         1

        CLASS   BANK1          

        CLASS   BANK2          

        CLASS   BANK3          

        CLASS   BANK4          

        CLASS   BANK5          

        CLASS   BANK6          

        CLASS   BANK7          

        CLASS   BANK8          

        CLASS   BANK9          

        CLASS   BANK10         

        CLASS   BANK11         

        CLASS   BANK12         

        CLASS   BANK13         

        CLASS   BANK14         

        CLASS   BANK15         

        CLASS   SFR            

        CLASS   FARRAM         

        CLASS   CONFIG         
                config                           300000   300000        E         0

        CLASS   IDLOC          
                idloc                            200000   200000        8         0

        CLASS   EEDATA         



SEGMENTS        Name                           Load    Length   Top    Selector   Space  Class

                reset_vec                      000000  000004  000004         0       0  CODE    
                cstackCOMRAM                   000001  00003F  000040         1       1  COMRAM  
                intcode                        000008  000010  000018         4       0  CODE    
                intcodelo                      000018  00008E  0000A6         C       0  CODE    
                cstackBANK0                    000060  000038  000098        60       1  BANK0   
                smallconst                     001000  000008  001008       800       0  SMALLCON
                text23                         001008  001877  00287F       804       0  CODE    
                idloc                          200000  000008  200008    200000       0  IDLOC   
                config                         300000  00000E  30000E    300000       0  CONFIG  


UNUSED ADDRESS RANGES

        Name                Unused          Largest block    Delta
        BANK0            000098-0000FF               68
        BANK1            000100-0001FF              100
        BANK10           000A00-000AFF              100
        BANK11           000B00-000BFF              100
        BANK12           000C00-000CFF              100
        BANK13           000D00-000DFF              100
        BANK14           000E00-000EFF              100
        BANK15           000F00-000F37               38
        BANK2            000200-0002FF              100
        BANK3            000300-0003FF              100
        BANK4            000400-0004FF              100
        BANK5            000500-0005FF              100
        BANK6            000600-0006FF              100
        BANK7            000700-0007FF              100
        BANK8            000800-0008FF              100
        BANK9            000900-0009FF              100
        BIGRAM           000040-00005F               20
                         000098-000F37              EA0
        CODE             000004-000007                4
                         0000A6-000FFF              F5A
                         00287F-00FFFF             D781
        COMRAM           000040-00005F               20
        CONST            000004-000007                4
                         0000A6-000FFF              F5A
                         00287F-00FFFF             D781
        EEDATA           F00000-F003FF              400
        MEDIUMCONST      00287F-00FFFF             D781
        RAM              000098-000F37              100
        SFR              000F38-000FFF               28
        SMALLCONST       00287F-00FFFF              100

                                  Symbol Table

?_Delay10KTCYx                   cstackCOMRAM 000021
?_Delay10TCYx                    cstackCOMRAM 000021
?_OWReadBit                      cstackCOMRAM 000022
?_OWReadByte                     cstackCOMRAM 000027
?_OWWriteBit                     cstackCOMRAM 000022
?_OWWriteByte                    cstackCOMRAM 000025
?_OpenXLCD                       cstackCOMRAM 000025
?_Read_Temperature               cstackBANK0  00006C
?_SetDDRamAddr                   cstackCOMRAM 000021
?_WriteCmdXLCD                   cstackCOMRAM 000021
?_WriteDataXLCD                  cstackCOMRAM 000021
?___awdiv                        cstackCOMRAM 000021
?___awtoft                       cstackCOMRAM 000029
?___ftadd                        cstackBANK0  00006C
?___ftge                         cstackCOMRAM 000021
?___ftmul                        cstackBANK0  000060
?___ftneg                        cstackCOMRAM 000021
?___ftpack                       cstackCOMRAM 000021
?___fttol                        cstackCOMRAM 000021
?___wmul                         cstackCOMRAM 000021
?_ftoa                           cstackBANK0  00007A
?_putrsXLCD                      cstackCOMRAM 000022
?_putsXLCD                       cstackCOMRAM 000022
?_sendToUsart                    cstackCOMRAM 000021
Delay10KTCYx@unit                cstackCOMRAM 000021
Delay10TCYx@unit                 cstackCOMRAM 000021
OWInit@state                     cstackCOMRAM 000023
OWReadBit@bite                   cstackCOMRAM 000025
OWReadByte@byte                  cstackCOMRAM 000029
OWReadByte@i                     cstackCOMRAM 00002B
OWWriteBit@bite                  cstackCOMRAM 000022
OWWriteByte@byte                 cstackCOMRAM 000025
OWWriteByte@i                    cstackCOMRAM 000027
OpenXLCD@lcdtype                 cstackCOMRAM 000025
Read_Temperature@i               cstackBANK0  000081
Read_Temperature@lsb             cstackBANK0  00007D
Read_Temperature@msb             cstackBANK0  000083
Read_Temperature@result          cstackBANK0  00007F
Read_Temperature@scratchpad      cstackBANK0  000070
Read_Temperature@temperature     cstackBANK0  00007A
SetDDRamAddr@DDaddr              cstackCOMRAM 000021
WriteCmdXLCD@cmd                 cstackCOMRAM 000021
WriteDataXLCD@data               cstackCOMRAM 000021
_ANSELA                          (abs)        000F38
_ANSELB                          (abs)        000F39
_ANSELC                          (abs)        000F3A
_ANSELCbits                      (abs)        000F3A
_ANSELD                          (abs)        000F3B
_ANSELDbits                      (abs)        000F3B
_ANSELE                          (abs)        000F3C
_BASSEPRIORITEInterrupt          intcodelo    000018
_BAUDCON1bits                    (abs)        000FB8
_BusyXLCD                        text21       002680
_Convert_Temperature             text6        002802
_Delay10KTCYx                    text20       002820
_Delay10TCYx                     text10       002858
_DelayFor18TCY                   text22       0027E0
_DelayPORXLCD                    text19       002866
_HAUTEPRIORITEInterrupt          intcode      000008
_INTCON2bits                     (abs)        000FF1
_INTCONbits                      (abs)        000FF2
_IPR1bits                        (abs)        000F9F
_LATAbits                        (abs)        000F89
_LATDbits                        (abs)        000F8C
_OSCCONbits                      (abs)        000FD3
_OWInit                          text9        002646
_OWReadBit                       text5        002476
_OWReadByte                      text4        00254E
_OWWriteBit                      text8        0024C0
_OWWriteByte                     text7        00272A
_OpenXLCD                        text16       0020C8
_PIE1bits                        (abs)        000F9D
_PIR1bits                        (abs)        000F9E
_PORTBbits                       (abs)        000F81
_PORTCbits                       (abs)        000F82
_PORTD                           (abs)        000F83
_RCONbits                        (abs)        000FD0
_RCSTA1bits                      (abs)        000FAB
_Read_Temperature                text3        001E94
_SPBRG1                          (abs)        000FAF
_SetDDRamAddr                    text17       002420
_T0CONbits                       (abs)        000FD5
_T1CONbits                       (abs)        000FCD
_T1GCONbits                      (abs)        000FCC
_TMR0L                           (abs)        000FD6
_TMR1H                           (abs)        000FCF
_TMR1L                           (abs)        000FCE
_TRISAbits                       (abs)        000F92
_TRISBbits                       (abs)        000F93
_TRISCbits                       (abs)        000F94
_TRISD                           (abs)        000F95
_TRISDbits                       (abs)        000F95
_TRISEbits                       (abs)        000F96
_TXREG1                          (abs)        000FAD
_TXSTA1bits                      (abs)        000FAC
_WriteCmdXLCD                    text18       00260A
_WriteDataXLCD                   text15       0025CE
__CFG_BOREN$OFF                  (abs)        000000
__CFG_FCMEN$OFF                  (abs)        000000
__CFG_FOSC$INTIO67               (abs)        000000
__CFG_IESO$OFF                   (abs)        000000
__CFG_LVP$OFF                    (abs)        000000
__CFG_PLLCFG$ON                  (abs)        000000
__CFG_PRICLKEN$ON                (abs)        000000
__CFG_PWRTEN$OFF                 (abs)        000000
__CFG_WDTEN$OFF                  (abs)        000000
__HRAM                           (abs)        000000
__Habs1                          abs1         000000
__Hbank0                         bank0        000000
__Hbank1                         bank1        000000
__Hbank10                        bank10       000000
__Hbank11                        bank11       000000
__Hbank12                        bank12       000000
__Hbank13                        bank13       000000
__Hbank14                        bank14       000000
__Hbank15                        bank15       000000
__Hbank2                         bank2        000000
__Hbank3                         bank3        000000
__Hbank4                         bank4        000000
__Hbank5                         bank5        000000
__Hbank6                         bank6        000000
__Hbank7                         bank7        000000
__Hbank8                         bank8        000000
__Hbank9                         bank9        000000
__Hbigbss                        bigbss       000000
__Hbigdata                       bigdata      000000
__Hbigram                        bigram       000000
__Hbss                           bss          000000
__HbssCOMRAM                     bssCOMRAM    000000
__Hcinit                         cinit        000000
__Hclrtext                       clrtext      000000
__Hcomram                        comram       000000
__Hconfig                        config       30000E
__Hconst                         const        000000
__HcstackBANK0                   cstackBANK0  000000
__HcstackCOMRAM                  cstackCOMRAM 000000
__Hdata                          data         000000
__HdataCOMRAM                    dataCOMRAM   000000
__Heeprom_data                   eeprom_data  000000
__Hend_init                      end_init     0000A6
__Hfarbss                        farbss       000000
__Hfardata                       fardata      000000
__Hibigdata                      ibigdata     000000
__Hidata                         idata        000000
__HidataCOMRAM                   idataCOMRAM  000000
__Hidloc                         idloc        200008
__Hifardata                      ifardata     000000
__Hinit                          init         0000A2
__Hintcode                       intcode      000018
__Hintcode_body                  intcode_body 000000
__Hintcodelo                     intcodelo    0000A2
__Hintentry                      intentry     000000
__Hintret                        intret       000000
__Hintsave_regs                  intsave_regs 000000
__Hirdata                        irdata       000000
__Hmediumconst                   mediumconst  000000
__HnvFARRAM                      nvFARRAM     000000
__Hnvbit                         nvbit        000000
__Hnvrram                        nvrram       000000
__Hparam                         rparam       000000
__Hpowerup                       powerup      0000A2
__Hram                           ram          000000
__Hramtop                        ramtop       001000
__Hrbit                          rbit         000000
__Hrbss                          rbss         000000
__Hrdata                         rdata        000000
__Hreset_vec                     reset_vec    000004
__Hrparam                        rparam       000000
__Hsfr                           sfr          000000
__Hsmallconst                    smallconst   001008
__Hstruct                        struct       000000
__Htemp                          temp         000000
__Htext                          text         000000
__Htext0                         text0        000000
__Htext1                         text1        000000
__Htext10                        text10       000000
__Htext11                        text11       000000
__Htext12                        text12       000000
__Htext13                        text13       000000
__Htext14                        text14       000000
__Htext15                        text15       000000
__Htext16                        text16       000000
__Htext17                        text17       000000
__Htext18                        text18       000000
__Htext19                        text19       000000
__Htext2                         text2        000000
__Htext20                        text20       000000
__Htext21                        text21       000000
__Htext22                        text22       000000
__Htext23                        text23       000000
__Htext24                        text24       000000
__Htext25                        text25       000000
__Htext26                        text26       000000
__Htext27                        text27       000000
__Htext28                        text28       000000
__Htext29                        text29       000000
__Htext3                         text3        000000
__Htext30                        text30       000000
__Htext31                        text31       000000
__Htext32                        text32       000000
__Htext4                         text4        000000
__Htext5                         text5        000000
__Htext6                         text6        000000
__Htext7                         text7        000000
__Htext8                         text8        000000
__Htext9                         text9        000000
__LRAM                           (abs)        000001
__Labs1                          abs1         000000
__Lbank0                         bank0        000000
__Lbank1                         bank1        000000
__Lbank10                        bank10       000000
__Lbank11                        bank11       000000
__Lbank12                        bank12       000000
__Lbank13                        bank13       000000
__Lbank14                        bank14       000000
__Lbank15                        bank15       000000
__Lbank2                         bank2        000000
__Lbank3                         bank3        000000
__Lbank4                         bank4        000000
__Lbank5                         bank5        000000
__Lbank6                         bank6        000000
__Lbank7                         bank7        000000
__Lbank8                         bank8        000000
__Lbank9                         bank9        000000
__Lbigbss                        bigbss       000000
__Lbigdata                       bigdata      000000
__Lbigram                        bigram       000000
__Lbss                           bss          000000
__LbssCOMRAM                     bssCOMRAM    000000
__Lcinit                         cinit        000000
__Lclrtext                       clrtext      000000
__Lcomram                        comram       000000
__Lconfig                        config       300000
__Lconst                         const        000000
__LcstackBANK0                   cstackBANK0  000000
__LcstackCOMRAM                  cstackCOMRAM 000000
__Ldata                          data         000000
__LdataCOMRAM                    dataCOMRAM   000000
__Leeprom_data                   eeprom_data  000000
__Lend_init                      end_init     0000A2
__Lfarbss                        farbss       000000
__Lfardata                       fardata      000000
__Libigdata                      ibigdata     000000
__Lidata                         idata        000000
__LidataCOMRAM                   idataCOMRAM  000000
__Lidloc                         idloc        200000
__Lifardata                      ifardata     000000
__Linit                          init         0000A2
__Lintcode                       intcode      000008
__Lintcode_body                  intcode_body 000000
__Lintcodelo                     intcodelo    000018
__Lintentry                      intentry     000000
__Lintret                        intret       000000
__Lintsave_regs                  intsave_regs 000000
__Lirdata                        irdata       000000
__Lmediumconst                   mediumconst  000000
__LnvFARRAM                      nvFARRAM     000000
__Lnvbit                         nvbit        000000
__Lnvrram                        nvrram       000000
__Lparam                         rparam       000000
__Lpowerup                       powerup      0000A2
__Lram                           ram          000000
__Lramtop                        ramtop       001000
__Lrbit                          rbit         000000
__Lrbss                          rbss         000000
__Lrdata                         rdata        000000
__Lreset_vec                     reset_vec    000000
__Lrparam                        rparam       000000
__Lsfr                           sfr          000000
__Lsmallconst                    smallconst   001000
__Lstruct                        struct       000000
__Ltemp                          temp         000000
__Ltext                          text         000000
__Ltext0                         text0        000000
__Ltext1                         text1        000000
__Ltext10                        text10       000000
__Ltext11                        text11       000000
__Ltext12                        text12       000000
__Ltext13                        text13       000000
__Ltext14                        text14       000000
__Ltext15                        text15       000000
__Ltext16                        text16       000000
__Ltext17                        text17       000000
__Ltext18                        text18       000000
__Ltext19                        text19       000000
__Ltext2                         text2        000000
__Ltext20                        text20       000000
__Ltext21                        text21       000000
__Ltext22                        text22       000000
__Ltext23                        text23       000000
__Ltext24                        text24       000000
__Ltext25                        text25       000000
__Ltext26                        text26       000000
__Ltext27                        text27       000000
__Ltext28                        text28       000000
__Ltext29                        text29       000000
__Ltext3                         text3        000000
__Ltext30                        text30       000000
__Ltext31                        text31       000000
__Ltext32                        text32       000000
__Ltext4                         text4        000000
__Ltext5                         text5        000000
__Ltext6                         text6        000000
__Ltext7                         text7        000000
__Ltext8                         text8        000000
__Ltext9                         text9        000000
__S0                             (abs)        30000E
__S1                             (abs)        000098
___awdiv                         text29       002390
___awdiv@counter                 cstackCOMRAM 000026
___awdiv@dividend                cstackCOMRAM 000021
___awdiv@divisor                 cstackCOMRAM 000023
___awdiv@quotient                cstackCOMRAM 000028
___awdiv@sign                    cstackCOMRAM 000027
___awtoft                        text28       00250A
___awtoft@c                      cstackCOMRAM 000029
___awtoft@sign                   cstackCOMRAM 00002D
___ftadd                         text31       0016FC
___ftadd@exp1                    cstackBANK0  000079
___ftadd@exp2                    cstackBANK0  000078
___ftadd@f1                      cstackBANK0  00006C
___ftadd@f2                      cstackBANK0  00006F
___ftadd@sign                    cstackBANK0  000077
___ftge                          text27       002300
___ftge@ff1                      cstackCOMRAM 000021
___ftge@ff2                      cstackCOMRAM 000024
___ftmul                         text30       001CAE
___ftmul@cntr                    cstackBANK0  00006A
___ftmul@exp                     cstackBANK0  000066
___ftmul@f1                      cstackBANK0  000060
___ftmul@f2                      cstackBANK0  000063
___ftmul@f3_as_product           cstackBANK0  000067
___ftmul@sign                    cstackBANK0  00006B
___ftneg                         text26       0027BA
___ftneg@f1                      cstackCOMRAM 000021
___ftpack                        text32       0021A8
___ftpack@arg                    cstackCOMRAM 000021
___ftpack@exp                    cstackCOMRAM 000024
___ftpack@sign                   cstackCOMRAM 000025
___fttol                         text25       001FC6
___fttol@exp1                    cstackCOMRAM 00002F
___fttol@f1                      cstackCOMRAM 000021
___fttol@lval                    cstackCOMRAM 00002B
___fttol@sign1                   cstackCOMRAM 00002A
___wmul                          text24       0026BA
___wmul@multiplicand             cstackCOMRAM 000023
___wmul@multiplier               cstackCOMRAM 000021
___wmul@product                  cstackCOMRAM 000025
__accesstop                      (abs)        000060
__activetblptr                   (abs)        000001
__end_of_BASSEPRIORITEInterrupt  intcodelo    0000A2
__end_of_BusyXLCD                text21       0026BA
__end_of_Convert_Temperature     text6        002820
__end_of_Delay10KTCYx            text20       002836
__end_of_Delay10TCYx             text10       002866
__end_of_DelayFor18TCY           text22       002802
__end_of_DelayPORXLCD            text19       002874
__end_of_HAUTEPRIORITEInterrupt  intcode_body 002300
__end_of_OWInit                  text9        002680
__end_of_OWReadBit               text5        0024C0
__end_of_OWReadByte              text4        002590
__end_of_OWWriteBit              text8        00250A
__end_of_OWWriteByte             text7        00275E
__end_of_OpenXLCD                text16       0021A8
__end_of_Read_Temperature        text3        001FC6
__end_of_SetDDRamAddr            text17       002476
__end_of_WriteCmdXLCD            text18       002646
__end_of_WriteDataXLCD           text15       00260A
__end_of___awdiv                 text29       002420
__end_of___awtoft                text28       00254E
__end_of___ftadd                 text31       001A48
__end_of___ftge                  text27       002390
__end_of___ftmul                 text30       001E94
__end_of___ftneg                 text26       0027E0
__end_of___ftpack                text32       002260
__end_of___fttol                 text25       0020C8
__end_of___wmul                  text24       0026F4
__end_of__initialization         cinit        0027AC
__end_of__stringdata             smallconst   001006
__end_of_envoyerMessage          text1        0025CE
__end_of_ftoa                    text23       0016FC
__end_of_initBout                text12       002848
__end_of_initLCD                 text11       002858
__end_of_main                    text0        001CAE
__end_of_putrsXLCD               text14       00272A
__end_of_putsXLCD                text13       00278E
__end_of_sendToUsart             text2        00287E
__initialization                 cinit        00278E
__mediumconst                    mediumconst  000000
__pbssCOMRAM                     bssCOMRAM    000033
__pcinit                         cinit        00278E
__pcstackBANK0                   cstackBANK0  000060
__pcstackCOMRAM                  cstackCOMRAM 000001
__pdataCOMRAM                    dataCOMRAM   00003F
__pidataCOMRAM                   idataCOMRAM  00287E
__pintcode                       intcode      000008
__pintcode_body                  intcode_body 002260
__pintcodelo                     intcodelo    000018
__psmallconst                    smallconst   001000
__ptext0                         text0        001A48
__ptext1                         text1        002590
__ptext10                        text10       002858
__ptext11                        text11       002848
__ptext12                        text12       002836
__ptext13                        text13       00275E
__ptext14                        text14       0026F4
__ptext15                        text15       0025CE
__ptext16                        text16       0020C8
__ptext17                        text17       002420
__ptext18                        text18       00260A
__ptext19                        text19       002866
__ptext2                         text2        002874
__ptext20                        text20       002820
__ptext21                        text21       002680
__ptext22                        text22       0027E0
__ptext23                        text23       001008
__ptext24                        text24       0026BA
__ptext25                        text25       001FC6
__ptext26                        text26       0027BA
__ptext27                        text27       002300
__ptext28                        text28       00250A
__ptext29                        text29       002390
__ptext3                         text3        001E94
__ptext30                        text30       001CAE
__ptext31                        text31       0016FC
__ptext32                        text32       0021A8
__ptext4                         text4        00254E
__ptext5                         text5        002476
__ptext6                         text6        002802
__ptext7                         text7        00272A
__ptext8                         text8        0024C0
__ptext9                         text9        002646
__ramtop                         ramtop       001000
__size_of_BASSEPRIORITEInterrupt (abs)        000000
__size_of_BusyXLCD               (abs)        000000
__size_of_Convert_Temperature    (abs)        000000
__size_of_Delay10KTCYx           (abs)        000000
__size_of_Delay10TCYx            (abs)        000000
__size_of_DelayFor18TCY          (abs)        000000
__size_of_DelayPORXLCD           (abs)        000000
__size_of_HAUTEPRIORITEInterrupt (abs)        000000
__size_of_OWInit                 (abs)        000000
__size_of_OWReadBit              (abs)        000000
__size_of_OWReadByte             (abs)        000000
__size_of_OWWriteBit             (abs)        000000
__size_of_OWWriteByte            (abs)        000000
__size_of_OpenXLCD               (abs)        000000
__size_of_Read_Temperature       (abs)        000000
__size_of_SetDDRamAddr           (abs)        000000
__size_of_WriteCmdXLCD           (abs)        000000
__size_of_WriteDataXLCD          (abs)        000000
__size_of___awdiv                (abs)        000000
__size_of___awtoft               (abs)        000000
__size_of___ftadd                (abs)        000000
__size_of___ftge                 (abs)        000000
__size_of___ftmul                (abs)        000000
__size_of___ftneg                (abs)        000000
__size_of___ftpack               (abs)        000000
__size_of___fttol                (abs)        000000
__size_of___wmul                 (abs)        000000
__size_of_envoyerMessage         (abs)        000000
__size_of_ftoa                   (abs)        000000
__size_of_initBout               (abs)        000000
__size_of_initLCD                (abs)        000000
__size_of_main                   (abs)        000000
__size_of_putrsXLCD              (abs)        000000
__size_of_putsXLCD               (abs)        000000
__size_of_sendToUsart            (abs)        000000
__smallconst                     smallconst   001000
__stringdata                     smallconst   001000
_bouton                          dataCOMRAM   00003F
_capteur                         bssCOMRAM    00003A
_envoyerMessage                  text1        002590
_flagtimer                       bssCOMRAM    000036
_ftoa                            text23       001008
_i                               bssCOMRAM    000038
_initBout                        text12       002836
_initLCD                         text11       002848
_main                            text0        001A48
_putrsXLCD                       text14       0026F4
_putsXLCD                        text13       00275E
_sendToUsart                     text2        002874
_temp                            bssCOMRAM    000033
end_of_initialization            cinit        0027AC
ftoa@b                           cstackBANK0  000089
ftoa@format                      cstackBANK0  000080
ftoa@fstyle                      cstackBANK0  00008E
ftoa@i                           cstackBANK0  00008C
ftoa@ie                          cstackBANK0  000094
ftoa@k                           cstackBANK0  000092
ftoa@ndig                        cstackBANK0  000090
ftoa@prec                        cstackBANK0  00007F
ftoa@start                       cstackBANK0  000083
ftoa@str                         cstackBANK0  00007D
ftoa@t                           cstackBANK0  000085
ftoa@x                           cstackBANK0  00007A
ftoa@y                           cstackBANK0  000086
int_func                         intcode_body 002260
intlevel0                        text         000000
intlevel1                        text         000000
intlevel2                        text         000000
intlevel3                        text         000000
putrsXLCD@buffer                 cstackCOMRAM 000022
putsXLCD@buffer                  cstackCOMRAM 000022
sendToUsart@lettre               cstackCOMRAM 000021
start                            init         0000A2
start_initialization             cinit        00278E


FUNCTION INFORMATION:

 *************** function _main *****************
 Defined at:
		line 40 in file "C:/Users/etu20261/Desktop/1wire+usart/Main.c"
 Parameters:    Size  Location     Type
		None
 Auto vars:     Size  Location     Type
		None
 Return value:  Size  Location     Type
		None               void
 Registers used:
		wreg, fsr0l, fsr0h, fsr1l, fsr1h, fsr1l, fsr1h, fsr2l, fsr2h, status,2, status,0, pclat, btemp, btemp+1, btemp+2, btemp+3, btemp+4, btemp+5, btemp+6, btemp+7, tosl, structret, tblptrl, tblptrh, tblptru, prodl, prodh, bsr, cstack
 Tracked objects:
		On entry : 
		On exit  : 
		Unchanged: 
 Data sizes:     COMRAM   BANK0   BANK1   BANK2   BANK3   BANK4   BANK5   BANK6   BANK7   BANK8   BANK9  BANK10  BANK11  BANK12  BANK13  BANK14  BANK15
      Params:         0       0       0       0       0       0       0       0       0       0       0       0       0       0       0       0       0
      Locals:         0       0       0       0       0       0       0       0       0       0       0       0       0       0       0       0       0
      Temps:          0       2       0       0       0       0       0       0       0       0       0       0       0       0       0       0       0
      Totals:         0       2       0       0       0       0       0       0       0       0       0       0       0       0       0       0       0
Total ram usage:        2 bytes
 Hardware stack levels required when called:    6
 This function calls:
		_ftoa
		_BusyXLCD
		_OpenXLCD
		_WriteCmdXLCD
		_Delay10KTCYx
		_SetDDRamAddr
		_putrsXLCD
		_putsXLCD
		_initBout
		_initLCD
		_Convert_Temperature
		_Read_Temperature
		_envoyerMessage
 This function is called by:
		Startup code after reset
 This function uses a non-reentrant model


 *************** function _envoyerMessage *****************
 Defined at:
		line 194 in file "C:/Users/etu20261/Desktop/1wire+usart/Main.c"
 Parameters:    Size  Location     Type
		None
 Auto vars:     Size  Location     Type
		None
 Return value:  Size  Location     Type
		None               void
 Registers used:
		wreg, fsr0l, fsr0h, fsr1l, fsr1h, fsr1l, fsr1h, fsr2l, fsr2h, status,2, status,0, pclat, btemp, btemp+1, btemp+2, btemp+3, btemp+4, btemp+5, btemp+6, btemp+7, tosl, structret, tblptrl, tblptrh, tblptru, prodl, prodh, bsr, cstack
 Tracked objects:
		On entry : 
		On exit  : 
		Unchanged: 
 Data sizes:     COMRAM   BANK0   BANK1   BANK2   BANK3   BANK4   BANK5   BANK6   BANK7   BANK8   BANK9  BANK10  BANK11  BANK12  BANK13  BANK14  BANK15
      Params:         0       0       0       0       0       0       0       0       0       0       0       0       0       0       0       0       0
      Locals:         0       0       0       0       0       0       0       0       0       0       0       0       0       0       0       0       0
      Temps:          1       0       0       0       0       0       0       0       0       0       0       0       0       0       0       0       0
      Totals:         1       0       0       0       0       0       0       0       0       0       0       0       0       0       0       0       0
Total ram usage:        1 bytes
 Hardware stack levels used:    1
 Hardware stack levels required when called:    3
 This function calls:
		_sendToUsart
 This function is called by:
		_main
 This function uses a non-reentrant model


 *************** function _sendToUsart *****************
 Defined at:
		line 204 in file "C:/Users/etu20261/Desktop/1wire+usart/Main.c"
 Parameters:    Size  Location     Type
  lettre          1   32[COMRAM] unsigned char 
 Auto vars:     Size  Location     Type
		None
 Return value:  Size  Location     Type
		None               void
 Registers used:
		None
 Tracked objects:
		On entry : 
		On exit  : 
		Unchanged: 
 Data sizes:     COMRAM   BANK0   BANK1   BANK2   BANK3   BANK4   BANK5   BANK6   BANK7   BANK8   BANK9  BANK10  BANK11  BANK12  BANK13  BANK14  BANK15
      Params:         1       0       0       0       0       0       0       0       0       0       0       0       0       0       0       0       0
      Locals:         0       0       0       0       0       0       0       0       0       0       0       0       0       0       0       0       0
      Temps:          0       0       0       0       0       0       0       0       0       0       0       0       0       0       0       0       0
      Totals:         1       0       0       0       0       0       0       0       0       0       0       0       0       0       0       0       0
Total ram usage:        1 bytes
 Hardware stack levels used:    1
 Hardware stack levels required when called:    2
 This function calls:
		Nothing
 This function is called by:
		_envoyerMessage
 This function uses a non-reentrant model


 *************** function _Read_Temperature *****************
 Defined at:
		line 128 in file "C:/Users/etu20261/Desktop/1wire+usart/wire/1wire.c"
 Parameters:    Size  Location     Type
		None
 Auto vars:     Size  Location     Type
  scratchpad     10   16[BANK0 ] unsigned char [10]
  temperature     3   26[BANK0 ] float 
  msb             2   35[BANK0 ] int 
  i               2   33[BANK0 ] int 
  result          2   31[BANK0 ] int 
  lsb             2   29[BANK0 ] int 
 Return value:  Size  Location     Type
                  3   12[BANK0 ] float 
 Registers used:
		wreg, fsr2l, fsr2h, status,2, status,0, prodl, prodh, cstack
 Tracked objects:
		On entry : 
		On exit  : 
		Unchanged: 
 Data sizes:     COMRAM   BANK0   BANK1   BANK2   BANK3   BANK4   BANK5   BANK6   BANK7   BANK8   BANK9  BANK10  BANK11  BANK12  BANK13  BANK14  BANK15
      Params:         0       3       0       0       0       0       0       0       0       0       0       0       0       0       0       0       0
      Locals:         0      21       0       0       0       0       0       0       0       0       0       0       0       0       0       0       0
      Temps:          0       1       0       0       0       0       0       0       0       0       0       0       0       0       0       0       0
      Totals:         0      25       0       0       0       0       0       0       0       0       0       0       0       0       0       0       0
Total ram usage:       25 bytes
 Hardware stack levels used:    1
 Hardware stack levels required when called:    5
 This function calls:
		_OWInit
		_OWWriteByte
		_OWReadByte
		___ftmul
		___awtoft
		___wmul
 This function is called by:
		_main
 This function uses a non-reentrant model


 *************** function _OWReadByte *****************
 Defined at:
		line 97 in file "C:/Users/etu20261/Desktop/1wire+usart/wire/1wire.c"
 Parameters:    Size  Location     Type
		None
 Auto vars:     Size  Location     Type
  i               2   42[COMRAM] int 
  byte            2   40[COMRAM] int 
 Return value:  Size  Location     Type
                  2   38[COMRAM] int 
 Registers used:
		wreg, status,2, status,0, cstack
 Tracked objects:
		On entry : 
		On exit  : 
		Unchanged: 
 Data sizes:     COMRAM   BANK0   BANK1   BANK2   BANK3   BANK4   BANK5   BANK6   BANK7   BANK8   BANK9  BANK10  BANK11  BANK12  BANK13  BANK14  BANK15
      Params:         2       0       0       0       0       0       0       0       0       0       0       0       0       0       0       0       0
      Locals:         4       0       0       0       0       0       0       0       0       0       0       0       0       0       0       0       0
      Temps:          0       0       0       0       0       0       0       0       0       0       0       0       0       0       0       0       0
      Totals:         6       0       0       0       0       0       0       0       0       0       0       0       0       0       0       0       0
Total ram usage:        6 bytes
 Hardware stack levels used:    1
 Hardware stack levels required when called:    4
 This function calls:
		_OWReadBit
 This function is called by:
		_Read_Temperature
 This function uses a non-reentrant model


 *************** function _OWReadBit *****************
 Defined at:
		line 61 in file "C:/Users/etu20261/Desktop/1wire+usart/wire/1wire.c"
 Parameters:    Size  Location     Type
		None
 Auto vars:     Size  Location     Type
  bite            2   36[COMRAM] int 
 Return value:  Size  Location     Type
                  2   33[COMRAM] int 
 Registers used:
		wreg, status,2, status,0, cstack
 Tracked objects:
		On entry : 
		On exit  : 
		Unchanged: 
 Data sizes:     COMRAM   BANK0   BANK1   BANK2   BANK3   BANK4   BANK5   BANK6   BANK7   BANK8   BANK9  BANK10  BANK11  BANK12  BANK13  BANK14  BANK15
      Params:         2       0       0       0       0       0       0       0       0       0       0       0       0       0       0       0       0
      Locals:         2       0       0       0       0       0       0       0       0       0       0       0       0       0       0       0       0
      Temps:          1       0       0       0       0       0       0       0       0       0       0       0       0       0       0       0       0
      Totals:         5       0       0       0       0       0       0       0       0       0       0       0       0       0       0       0       0
Total ram usage:        5 bytes
 Hardware stack levels used:    1
 Hardware stack levels required when called:    3
 This function calls:
		_Delay10TCYx
 This function is called by:
		_OWReadByte
 This function uses a non-reentrant model


 *************** function _Convert_Temperature *****************
 Defined at:
		line 114 in file "C:/Users/etu20261/Desktop/1wire+usart/wire/1wire.c"
 Parameters:    Size  Location     Type
		None
 Auto vars:     Size  Location     Type
		None
 Return value:  Size  Location     Type
		None               void
 Registers used:
		wreg, status,2, status,0, cstack
 Tracked objects:
		On entry : 
		On exit  : 
		Unchanged: 
 Data sizes:     COMRAM   BANK0   BANK1   BANK2   BANK3   BANK4   BANK5   BANK6   BANK7   BANK8   BANK9  BANK10  BANK11  BANK12  BANK13  BANK14  BANK15
      Params:         0       0       0       0       0       0       0       0       0       0       0       0       0       0       0       0       0
      Locals:         0       0       0       0       0       0       0       0       0       0       0       0       0       0       0       0       0
      Temps:          0       0       0       0       0       0       0       0       0       0       0       0       0       0       0       0       0
      Totals:         0       0       0       0       0       0       0       0       0       0       0       0       0       0       0       0       0
Total ram usage:        0 bytes
 Hardware stack levels used:    1
 Hardware stack levels required when called:    5
 This function calls:
		_OWInit
		_OWWriteByte
 This function is called by:
		_main
 This function uses a non-reentrant model


 *************** function _OWWriteByte *****************
 Defined at:
		line 83 in file "C:/Users/etu20261/Desktop/1wire+usart/wire/1wire.c"
 Parameters:    Size  Location     Type
  byte            2   36[COMRAM] int 
 Auto vars:     Size  Location     Type
  i               2   38[COMRAM] int 
 Return value:  Size  Location     Type
		None               void
 Registers used:
		wreg, status,2, status,0, cstack
 Tracked objects:
		On entry : 
		On exit  : 
		Unchanged: 
 Data sizes:     COMRAM   BANK0   BANK1   BANK2   BANK3   BANK4   BANK5   BANK6   BANK7   BANK8   BANK9  BANK10  BANK11  BANK12  BANK13  BANK14  BANK15
      Params:         2       0       0       0       0       0       0       0       0       0       0       0       0       0       0       0       0
      Locals:         2       0       0       0       0       0       0       0       0       0       0       0       0       0       0       0       0
      Temps:          0       0       0       0       0       0       0       0       0       0       0       0       0       0       0       0       0
      Totals:         4       0       0       0       0       0       0       0       0       0       0       0       0       0       0       0       0
Total ram usage:        4 bytes
 Hardware stack levels used:    1
 Hardware stack levels required when called:    4
 This function calls:
		_OWWriteBit
 This function is called by:
		_Convert_Temperature
		_Read_Temperature
 This function uses a non-reentrant model


 *************** function _OWWriteBit *****************
 Defined at:
		line 42 in file "C:/Users/etu20261/Desktop/1wire+usart/wire/1wire.c"
 Parameters:    Size  Location     Type
  bite            2   33[COMRAM] int 
 Auto vars:     Size  Location     Type
		None
 Return value:  Size  Location     Type
		None               void
 Registers used:
		wreg, status,2, status,0, cstack
 Tracked objects:
		On entry : 
		On exit  : 
		Unchanged: 
 Data sizes:     COMRAM   BANK0   BANK1   BANK2   BANK3   BANK4   BANK5   BANK6   BANK7   BANK8   BANK9  BANK10  BANK11  BANK12  BANK13  BANK14  BANK15
      Params:         2       0       0       0       0       0       0       0       0       0       0       0       0       0       0       0       0
      Locals:         0       0       0       0       0       0       0       0       0       0       0       0       0       0       0       0       0
      Temps:          1       0       0       0       0       0       0       0       0       0       0       0       0       0       0       0       0
      Totals:         3       0       0       0       0       0       0       0       0       0       0       0       0       0       0       0       0
Total ram usage:        3 bytes
 Hardware stack levels used:    1
 Hardware stack levels required when called:    3
 This function calls:
		_Delay10TCYx
 This function is called by:
		_OWWriteByte
 This function uses a non-reentrant model


 *************** function _OWInit *****************
 Defined at:
		line 22 in file "C:/Users/etu20261/Desktop/1wire+usart/wire/1wire.c"
 Parameters:    Size  Location     Type
		None
 Auto vars:     Size  Location     Type
  state           2   34[COMRAM] int 
 Return value:  Size  Location     Type
                  2  242[COMRAM] int 
 Registers used:
		wreg, status,2, status,0, cstack
 Tracked objects:
		On entry : 
		On exit  : 
		Unchanged: 
 Data sizes:     COMRAM   BANK0   BANK1   BANK2   BANK3   BANK4   BANK5   BANK6   BANK7   BANK8   BANK9  BANK10  BANK11  BANK12  BANK13  BANK14  BANK15
      Params:         0       0       0       0       0       0       0       0       0       0       0       0       0       0       0       0       0
      Locals:         2       0       0       0       0       0       0       0       0       0       0       0       0       0       0       0       0
      Temps:          1       0       0       0       0       0       0       0       0       0       0       0       0       0       0       0       0
      Totals:         3       0       0       0       0       0       0       0       0       0       0       0       0       0       0       0       0
Total ram usage:        3 bytes
 Hardware stack levels used:    1
 Hardware stack levels required when called:    3
 This function calls:
		_Delay10TCYx
 This function is called by:
		_Convert_Temperature
		_Read_Temperature
 This function uses a non-reentrant model


 *************** function _Delay10TCYx *****************
 Defined at:
		line 9 in file "C:\Program Files (x86)\Microchip\xc8\v1.20\sources\pic18\d10tcyx.c"
 Parameters:    Size  Location     Type
  unit            1   32[COMRAM] unsigned char 
 Auto vars:     Size  Location     Type
		None
 Return value:  Size  Location     Type
		None               void
 Registers used:
		wreg
 Tracked objects:
		On entry : 
		On exit  : 
		Unchanged: 
 Data sizes:     COMRAM   BANK0   BANK1   BANK2   BANK3   BANK4   BANK5   BANK6   BANK7   BANK8   BANK9  BANK10  BANK11  BANK12  BANK13  BANK14  BANK15
      Params:         1       0       0       0       0       0       0       0       0       0       0       0       0       0       0       0       0
      Locals:         0       0       0       0       0       0       0       0       0       0       0       0       0       0       0       0       0
      Temps:          0       0       0       0       0       0       0       0       0       0       0       0       0       0       0       0       0
      Totals:         1       0       0       0       0       0       0       0       0       0       0       0       0       0       0       0       0
Total ram usage:        1 bytes
 Hardware stack levels used:    1
 Hardware stack levels required when called:    2
 This function calls:
		Nothing
 This function is called by:
		_OWInit
		_OWWriteBit
		_OWReadBit
 This function uses a non-reentrant model


 *************** function _initLCD *****************
 Defined at:
		line 35 in file "C:/Users/etu20261/Desktop/1wire+usart/affi.c"
 Parameters:    Size  Location     Type
		None
 Auto vars:     Size  Location     Type
		None
 Return value:  Size  Location     Type
		None               void
 Registers used:
		None
 Tracked objects:
		On entry : 
		On exit  : 
		Unchanged: 
 Data sizes:     COMRAM   BANK0   BANK1   BANK2   BANK3   BANK4   BANK5   BANK6   BANK7   BANK8   BANK9  BANK10  BANK11  BANK12  BANK13  BANK14  BANK15
      Params:         0       0       0       0       0       0       0       0       0       0       0       0       0       0       0       0       0
      Locals:         0       0       0       0       0       0       0       0       0       0       0       0       0       0       0       0       0
      Temps:          0       0       0       0       0       0       0       0       0       0       0       0       0       0       0       0       0
      Totals:         0       0       0       0       0       0       0       0       0       0       0       0       0       0       0       0       0
Total ram usage:        0 bytes
 Hardware stack levels used:    1
 Hardware stack levels required when called:    2
 This function calls:
		Nothing
 This function is called by:
		_main
 This function uses a non-reentrant model


 *************** function _initBout *****************
 Defined at:
		line 9 in file "C:/Users/etu20261/Desktop/1wire+usart/boutons.c"
 Parameters:    Size  Location     Type
		None
 Auto vars:     Size  Location     Type
		None
 Return value:  Size  Location     Type
		None               void
 Registers used:
		None
 Tracked objects:
		On entry : 
		On exit  : 
		Unchanged: 
 Data sizes:     COMRAM   BANK0   BANK1   BANK2   BANK3   BANK4   BANK5   BANK6   BANK7   BANK8   BANK9  BANK10  BANK11  BANK12  BANK13  BANK14  BANK15
      Params:         0       0       0       0       0       0       0       0       0       0       0       0       0       0       0       0       0
      Locals:         0       0       0       0       0       0       0       0       0       0       0       0       0       0       0       0       0
      Temps:          0       0       0       0       0       0       0       0       0       0       0       0       0       0       0       0       0
      Totals:         0       0       0       0       0       0       0       0       0       0       0       0       0       0       0       0       0
Total ram usage:        0 bytes
 Hardware stack levels used:    1
 Hardware stack levels required when called:    2
 This function calls:
		Nothing
 This function is called by:
		_main
 This function uses a non-reentrant model


 *************** function _putsXLCD *****************
 Defined at:
		line 17 in file "C:/Users/etu20261/Desktop/1wire+usart/XLCD/putsxlcd.c"
 Parameters:    Size  Location     Type
  buffer          2   33[COMRAM] PTR unsigned char 
		 -> capteur(5), 
 Auto vars:     Size  Location     Type
		None
 Return value:  Size  Location     Type
		None               void
 Registers used:
		wreg, fsr0l, fsr0h, fsr1l, fsr1h, fsr1l, fsr1h, fsr2l, fsr2h, status,2, status,0, pclat, btemp, btemp+1, btemp+2, btemp+3, btemp+4, btemp+5, btemp+6, btemp+7, tosl, structret, tblptrl, tblptrh, tblptru, prodl, prodh, bsr, cstack
 Tracked objects:
		On entry : 
		On exit  : 
		Unchanged: 
 Data sizes:     COMRAM   BANK0   BANK1   BANK2   BANK3   BANK4   BANK5   BANK6   BANK7   BANK8   BANK9  BANK10  BANK11  BANK12  BANK13  BANK14  BANK15
      Params:         2       0       0       0       0       0       0       0       0       0       0       0       0       0       0       0       0
      Locals:         0       0       0       0       0       0       0       0       0       0       0       0       0       0       0       0       0
      Temps:          0       0       0       0       0       0       0       0       0       0       0       0       0       0       0       0       0
      Totals:         2       0       0       0       0       0       0       0       0       0       0       0       0       0       0       0       0
Total ram usage:        2 bytes
 Hardware stack levels used:    1
 Hardware stack levels required when called:    4
 This function calls:
		_BusyXLCD
		_WriteDataXLCD
 This function is called by:
		_main
 This function uses a non-reentrant model


 *************** function _putrsXLCD *****************
 Defined at:
		line 17 in file "C:/Users/etu20261/Desktop/1wire+usart/XLCD/putrxlcd.c"
 Parameters:    Size  Location     Type
  buffer          2   33[COMRAM] PTR const unsigned char 
		 -> STR_1(6), 
 Auto vars:     Size  Location     Type
		None
 Return value:  Size  Location     Type
		None               void
 Registers used:
		wreg, fsr0l, fsr0h, fsr1l, fsr1h, fsr1l, fsr1h, fsr2l, fsr2h, status,2, status,0, pclat, btemp, btemp+1, btemp+2, btemp+3, btemp+4, btemp+5, btemp+6, btemp+7, tosl, structret, tblptrl, tblptrh, tblptru, prodl, prodh, bsr, cstack
 Tracked objects:
		On entry : 
		On exit  : 
		Unchanged: 
 Data sizes:     COMRAM   BANK0   BANK1   BANK2   BANK3   BANK4   BANK5   BANK6   BANK7   BANK8   BANK9  BANK10  BANK11  BANK12  BANK13  BANK14  BANK15
      Params:         2       0       0       0       0       0       0       0       0       0       0       0       0       0       0       0       0
      Locals:         0       0       0       0       0       0       0       0       0       0       0       0       0       0       0       0       0
      Temps:          0       0       0       0       0       0       0       0       0       0       0       0       0       0       0       0       0
      Totals:         2       0       0       0       0       0       0       0       0       0       0       0       0       0       0       0       0
Total ram usage:        2 bytes
 Hardware stack levels used:    1
 Hardware stack levels required when called:    4
 This function calls:
		_BusyXLCD
		_WriteDataXLCD
 This function is called by:
		_main
 This function uses a non-reentrant model


 *************** function _WriteDataXLCD *****************
 Defined at:
		line 17 in file "C:/Users/etu20261/Desktop/1wire+usart/XLCD/writdata.c"
 Parameters:    Size  Location     Type
  data            1   32[COMRAM] unsigned char 
 Auto vars:     Size  Location     Type
		None
 Return value:  Size  Location     Type
		None               void
 Registers used:
		wreg, status,2, status,0, cstack
 Tracked objects:
		On entry : 
		On exit  : 
		Unchanged: 
 Data sizes:     COMRAM   BANK0   BANK1   BANK2   BANK3   BANK4   BANK5   BANK6   BANK7   BANK8   BANK9  BANK10  BANK11  BANK12  BANK13  BANK14  BANK15
      Params:         1       0       0       0       0       0       0       0       0       0       0       0       0       0       0       0       0
      Locals:         0       0       0       0       0       0       0       0       0       0       0       0       0       0       0       0       0
      Temps:          0       0       0       0       0       0       0       0       0       0       0       0       0       0       0       0       0
      Totals:         1       0       0       0       0       0       0       0       0       0       0       0       0       0       0       0       0
Total ram usage:        1 bytes
 Hardware stack levels used:    1
 Hardware stack levels required when called:    3
 This function calls:
		_DelayFor18TCY
 This function is called by:
		_putrsXLCD
		_putsXLCD
 This function uses a non-reentrant model


 *************** function _OpenXLCD *****************
 Defined at:
		line 20 in file "C:/Users/etu20261/Desktop/1wire+usart/XLCD/openxlcd.c"
 Parameters:    Size  Location     Type
  lcdtype         1   36[COMRAM] unsigned char 
 Auto vars:     Size  Location     Type
		None
 Return value:  Size  Location     Type
		None               void
 Registers used:
		wreg, fsr0l, fsr0h, fsr1l, fsr1h, fsr1l, fsr1h, fsr2l, fsr2h, status,2, status,0, pclat, btemp, btemp+1, btemp+2, btemp+3, btemp+4, btemp+5, btemp+6, btemp+7, tosl, structret, tblptrl, tblptrh, tblptru, prodl, prodh, bsr, cstack
 Tracked objects:
		On entry : 
		On exit  : 
		Unchanged: 
 Data sizes:     COMRAM   BANK0   BANK1   BANK2   BANK3   BANK4   BANK5   BANK6   BANK7   BANK8   BANK9  BANK10  BANK11  BANK12  BANK13  BANK14  BANK15
      Params:         1       0       0       0       0       0       0       0       0       0       0       0       0       0       0       0       0
      Locals:         0       0       0       0       0       0       0       0       0       0       0       0       0       0       0       0       0
      Temps:          1       0       0       0       0       0       0       0       0       0       0       0       0       0       0       0       0
      Totals:         2       0       0       0       0       0       0       0       0       0       0       0       0       0       0       0       0
Total ram usage:        2 bytes
 Hardware stack levels used:    1
 Hardware stack levels required when called:    4
 This function calls:
		_BusyXLCD
		_DelayPORXLCD
		_WriteCmdXLCD
		_Delay10KTCYx
		_SetDDRamAddr
 This function is called by:
		_main
 This function uses a non-reentrant model


 *************** function _SetDDRamAddr *****************
 Defined at:
		line 14 in file "C:/Users/etu20261/Desktop/1wire+usart/XLCD/setddram.c"
 Parameters:    Size  Location     Type
  DDaddr          1   32[COMRAM] unsigned char 
 Auto vars:     Size  Location     Type
		None
 Return value:  Size  Location     Type
		None               void
 Registers used:
		wreg, status,2, status,0, cstack
 Tracked objects:
		On entry : 
		On exit  : 
		Unchanged: 
 Data sizes:     COMRAM   BANK0   BANK1   BANK2   BANK3   BANK4   BANK5   BANK6   BANK7   BANK8   BANK9  BANK10  BANK11  BANK12  BANK13  BANK14  BANK15
      Params:         1       0       0       0       0       0       0       0       0       0       0       0       0       0       0       0       0
      Locals:         0       0       0       0       0       0       0       0       0       0       0       0       0       0       0       0       0
      Temps:          3       0       0       0       0       0       0       0       0       0       0       0       0       0       0       0       0
      Totals:         4       0       0       0       0       0       0       0       0       0       0       0       0       0       0       0       0
Total ram usage:        4 bytes
 Hardware stack levels used:    1
 Hardware stack levels required when called:    3
 This function calls:
		_DelayFor18TCY
 This function is called by:
		_OpenXLCD
		_main
 This function uses a non-reentrant model


 *************** function _WriteCmdXLCD *****************
 Defined at:
		line 14 in file "C:/Users/etu20261/Desktop/1wire+usart/XLCD/wcmdxlcd.c"
 Parameters:    Size  Location     Type
  cmd             1   32[COMRAM] unsigned char 
 Auto vars:     Size  Location     Type
		None
 Return value:  Size  Location     Type
		None               void
 Registers used:
		wreg, status,2, status,0, cstack
 Tracked objects:
		On entry : 
		On exit  : 
		Unchanged: 
 Data sizes:     COMRAM   BANK0   BANK1   BANK2   BANK3   BANK4   BANK5   BANK6   BANK7   BANK8   BANK9  BANK10  BANK11  BANK12  BANK13  BANK14  BANK15
      Params:         1       0       0       0       0       0       0       0       0       0       0       0       0       0       0       0       0
      Locals:         0       0       0       0       0       0       0       0       0       0       0       0       0       0       0       0       0
      Temps:          0       0       0       0       0       0       0       0       0       0       0       0       0       0       0       0       0
      Totals:         1       0       0       0       0       0       0       0       0       0       0       0       0       0       0       0       0
Total ram usage:        1 bytes
 Hardware stack levels used:    1
 Hardware stack levels required when called:    3
 This function calls:
		_DelayFor18TCY
 This function is called by:
		_OpenXLCD
		_main
 This function uses a non-reentrant model


 *************** function _DelayPORXLCD *****************
 Defined at:
		line 27 in file "C:/Users/etu20261/Desktop/1wire+usart/affi.c"
 Parameters:    Size  Location     Type
		None
 Auto vars:     Size  Location     Type
		None
 Return value:  Size  Location     Type
		None               void
 Registers used:
		wreg, fsr0l, fsr0h, fsr1l, fsr1h, fsr1l, fsr1h, fsr2l, fsr2h, status,2, status,0, pclat, btemp, btemp+1, btemp+2, btemp+3, btemp+4, btemp+5, btemp+6, btemp+7, tosl, structret, tblptrl, tblptrh, tblptru, prodl, prodh, bsr, cstack
 Tracked objects:
		On entry : 
		On exit  : 
		Unchanged: 
 Data sizes:     COMRAM   BANK0   BANK1   BANK2   BANK3   BANK4   BANK5   BANK6   BANK7   BANK8   BANK9  BANK10  BANK11  BANK12  BANK13  BANK14  BANK15
      Params:         0       0       0       0       0       0       0       0       0       0       0       0       0       0       0       0       0
      Locals:         0       0       0       0       0       0       0       0       0       0       0       0       0       0       0       0       0
      Temps:          1       0       0       0       0       0       0       0       0       0       0       0       0       0       0       0       0
      Totals:         1       0       0       0       0       0       0       0       0       0       0       0       0       0       0       0       0
Total ram usage:        1 bytes
 Hardware stack levels used:    1
 Hardware stack levels required when called:    3
 This function calls:
		_Delay10KTCYx
 This function is called by:
		_OpenXLCD
 This function uses a non-reentrant model


 *************** function _Delay10KTCYx *****************
 Defined at:
		line 9 in file "C:\Program Files (x86)\Microchip\xc8\v1.20\sources\pic18\d10ktcyx.c"
 Parameters:    Size  Location     Type
  unit            1   32[COMRAM] unsigned char 
 Auto vars:     Size  Location     Type
		None
 Return value:  Size  Location     Type
		None               void
 Registers used:
		wreg
 Tracked objects:
		On entry : 
		On exit  : 
		Unchanged: 
 Data sizes:     COMRAM   BANK0   BANK1   BANK2   BANK3   BANK4   BANK5   BANK6   BANK7   BANK8   BANK9  BANK10  BANK11  BANK12  BANK13  BANK14  BANK15
      Params:         1       0       0       0       0       0       0       0       0       0       0       0       0       0       0       0       0
      Locals:         0       0       0       0       0       0       0       0       0       0       0       0       0       0       0       0       0
      Temps:          1       0       0       0       0       0       0       0       0       0       0       0       0       0       0       0       0
      Totals:         2       0       0       0       0       0       0       0       0       0       0       0       0       0       0       0       0
Total ram usage:        2 bytes
 Hardware stack levels used:    1
 Hardware stack levels required when called:    2
 This function calls:
		Nothing
 This function is called by:
		_OpenXLCD
		_DelayPORXLCD
		_main
		_DelayXLCD
 This function uses a non-reentrant model


 *************** function _BusyXLCD *****************
 Defined at:
		line 12 in file "C:/Users/etu20261/Desktop/1wire+usart/XLCD/busyxlcd.c"
 Parameters:    Size  Location     Type
		None
 Auto vars:     Size  Location     Type
		None
 Return value:  Size  Location     Type
                  1    wreg      unsigned char 
 Registers used:
		wreg, fsr0l, fsr0h, fsr1l, fsr1h, fsr1l, fsr1h, fsr2l, fsr2h, status,2, status,0, pclat, btemp, btemp+1, btemp+2, btemp+3, btemp+4, btemp+5, btemp+6, btemp+7, tosl, structret, tblptrl, tblptrh, tblptru, prodl, prodh, bsr, cstack
 Tracked objects:
		On entry : 
		On exit  : 
		Unchanged: 
 Data sizes:     COMRAM   BANK0   BANK1   BANK2   BANK3   BANK4   BANK5   BANK6   BANK7   BANK8   BANK9  BANK10  BANK11  BANK12  BANK13  BANK14  BANK15
      Params:         0       0       0       0       0       0       0       0       0       0       0       0       0       0       0       0       0
      Locals:         0       0       0       0       0       0       0       0       0       0       0       0       0       0       0       0       0
      Temps:          0       0       0       0       0       0       0       0       0       0       0       0       0       0       0       0       0
      Totals:         0       0       0       0       0       0       0       0       0       0       0       0       0       0       0       0       0
Total ram usage:        0 bytes
 Hardware stack levels used:    1
 Hardware stack levels required when called:    3
 This function calls:
		_DelayFor18TCY
 This function is called by:
		_OpenXLCD
		_putrsXLCD
		_putsXLCD
		_main
 This function uses a non-reentrant model


 *************** function _DelayFor18TCY *****************
 Defined at:
		line 8 in file "C:/Users/etu20261/Desktop/1wire+usart/affi.c"
 Parameters:    Size  Location     Type
		None
 Auto vars:     Size  Location     Type
		None
 Return value:  Size  Location     Type
		None               void
 Registers used:
		None
 Tracked objects:
		On entry : 
		On exit  : 
		Unchanged: 
 Data sizes:     COMRAM   BANK0   BANK1   BANK2   BANK3   BANK4   BANK5   BANK6   BANK7   BANK8   BANK9  BANK10  BANK11  BANK12  BANK13  BANK14  BANK15
      Params:         0       0       0       0       0       0       0       0       0       0       0       0       0       0       0       0       0
      Locals:         0       0       0       0       0       0       0       0       0       0       0       0       0       0       0       0       0
      Temps:          0       0       0       0       0       0       0       0       0       0       0       0       0       0       0       0       0
      Totals:         0       0       0       0       0       0       0       0       0       0       0       0       0       0       0       0       0
Total ram usage:        0 bytes
 Hardware stack levels used:    1
 Hardware stack levels required when called:    2
 This function calls:
		Nothing
 This function is called by:
		_BusyXLCD
		_SetDDRamAddr
		_WriteCmdXLCD
		_WriteDataXLCD
		_ReadAddrXLCD
		_ReadDataXLCD
		_SetCGRamAddr
 This function uses a non-reentrant model


 *************** function _ftoa *****************
 Defined at:
		line 4 in file "C:/Users/etu20261/Desktop/1wire+usart/ftoa/ftoa.c"
 Parameters:    Size  Location     Type
  x               3   26[BANK0 ] float 
  str             2   29[BANK0 ] PTR unsigned char 
		 -> capteur(5), 
  prec            1   31[BANK0 ] unsigned char 
  format          1   32[BANK0 ] unsigned char 
 Auto vars:     Size  Location     Type
  t               1   37[BANK0 ] unsigned char 
  b               3   41[BANK0 ] float 
  y               3   38[BANK0 ] float 
  ie              2   52[BANK0 ] int 
  k               2   50[BANK0 ] int 
  ndig            2   48[BANK0 ] int 
  fstyle          2   46[BANK0 ] int 
  i               2   44[BANK0 ] int 
  start           2   35[BANK0 ] PTR unsigned char 
		 -> capteur(5), 
 Return value:  Size  Location     Type
                  2   26[BANK0 ] int 
 Registers used:
		wreg, fsr2l, fsr2h, status,2, status,0, prodl, prodh, cstack
 Tracked objects:
		On entry : 
		On exit  : 
		Unchanged: 
 Data sizes:     COMRAM   BANK0   BANK1   BANK2   BANK3   BANK4   BANK5   BANK6   BANK7   BANK8   BANK9  BANK10  BANK11  BANK12  BANK13  BANK14  BANK15
      Params:         0       7       0       0       0       0       0       0       0       0       0       0       0       0       0       0       0
      Locals:         0      19       0       0       0       0       0       0       0       0       0       0       0       0       0       0       0
      Temps:          0       2       0       0       0       0       0       0       0       0       0       0       0       0       0       0       0
      Totals:         0      28       0       0       0       0       0       0       0       0       0       0       0       0       0       0       0
Total ram usage:       28 bytes
 Hardware stack levels used:    1
 Hardware stack levels required when called:    4
 This function calls:
		___ftadd
		___ftmul
		___awdiv
		___awtoft
		___ftge
		___ftneg
		___fttol
		___wmul
 This function is called by:
		_main
 This function uses a non-reentrant model


 *************** function ___wmul *****************
 Defined at:
		line 5 in file "C:\Program Files (x86)\Microchip\xc8\v1.20\sources\common\wmul.c"
 Parameters:    Size  Location     Type
  multiplier      2   32[COMRAM] unsigned int 
  multiplicand    2   34[COMRAM] unsigned int 
 Auto vars:     Size  Location     Type
  product         2   36[COMRAM] unsigned int 
 Return value:  Size  Location     Type
                  2   32[COMRAM] unsigned int 
 Registers used:
		wreg, status,2, status,0, prodl, prodh
 Tracked objects:
		On entry : 
		On exit  : 
		Unchanged: 
 Data sizes:     COMRAM   BANK0   BANK1   BANK2   BANK3   BANK4   BANK5   BANK6   BANK7   BANK8   BANK9  BANK10  BANK11  BANK12  BANK13  BANK14  BANK15
      Params:         4       0       0       0       0       0       0       0       0       0       0       0       0       0       0       0       0
      Locals:         2       0       0       0       0       0       0       0       0       0       0       0       0       0       0       0       0
      Temps:          0       0       0       0       0       0       0       0       0       0       0       0       0       0       0       0       0
      Totals:         6       0       0       0       0       0       0       0       0       0       0       0       0       0       0       0       0
Total ram usage:        6 bytes
 Hardware stack levels used:    1
 Hardware stack levels required when called:    2
 This function calls:
		Nothing
 This function is called by:
		_ftoa
		_Read_Temperature
 This function uses a non-reentrant model


 *************** function ___fttol *****************
 Defined at:
		line 45 in file "C:\Program Files (x86)\Microchip\xc8\v1.20\sources\common\fttol.c"
 Parameters:    Size  Location     Type
  f1              3   32[COMRAM] float 
[...]
 Return value:  Size  Location     Type
                  4   32[COMRAM] long 
 Registers used:
		wreg, status,2, status,0
 Tracked objects:
		On entry : 
		On exit  : 
		Unchanged: 
 Data sizes:     COMRAM   BANK0   BANK1   BANK2   BANK3   BANK4   BANK5   BANK6   BANK7   BANK8   BANK9  BANK10  BANK11  BANK12  BANK13  BANK14  BANK15
      Params:         4       0       0       0       0       0       0       0       0       0       0       0       0       0       0       0       0
      Locals:         6       0       0       0       0       0       0       0       0       0       0       0       0       0       0       0       0
      Temps:          5       0       0       0       0       0       0       0       0       0       0       0       0       0       0       0       0
      Totals:        15       0       0       0       0       0       0       0       0       0       0       0       0       0       0       0       0
Total ram usage:       15 bytes
 Hardware stack levels used:    1
 Hardware stack levels required when called:    2
 This function calls:
		Nothing
 This function is called by:
		_ftoa
 This function uses a non-reentrant model


 *************** function ___ftneg *****************
 Defined at:
		line 16 in file "C:\Program Files (x86)\Microchip\xc8\v1.20\sources\common\ftneg.c"
 Parameters:    Size  Location     Type
  f1              3   32[COMRAM] float 
 Auto vars:     Size  Location     Type
		None
 Return value:  Size  Location     Type
                  3   32[COMRAM] float 
 Registers used:
		wreg, status,2, status,0
 Tracked objects:
		On entry : 
		On exit  : 
		Unchanged: 
 Data sizes:     COMRAM   BANK0   BANK1   BANK2   BANK3   BANK4   BANK5   BANK6   BANK7   BANK8   BANK9  BANK10  BANK11  BANK12  BANK13  BANK14  BANK15
      Params:         3       0       0       0       0       0       0       0       0       0       0       0       0       0       0       0       0
      Locals:         0       0       0       0       0       0       0       0       0       0       0       0       0       0       0       0       0
      Temps:          0       0       0       0       0       0       0       0       0       0       0       0       0       0       0       0       0
      Totals:         3       0       0       0       0       0       0       0       0       0       0       0       0       0       0       0       0
Total ram usage:        3 bytes
 Hardware stack levels used:    1
 Hardware stack levels required when called:    2
 This function calls:
		Nothing
 This function is called by:
		_ftoa
 This function uses a non-reentrant model


 *************** function ___ftge *****************
 Defined at:
		line 5 in file "C:\Program Files (x86)\Microchip\xc8\v1.20\sources\common\ftge.c"
 Parameters:    Size  Location     Type
  ff1             3   32[COMRAM] float 
  ff2             3   35[COMRAM] float 
 Auto vars:     Size  Location     Type
		None
 Return value:  Size  Location     Type
		None               void
 Registers used:
		wreg, status,2, status,0
 Tracked objects:
		On entry : 
		On exit  : 
		Unchanged: 
 Data sizes:     COMRAM   BANK0   BANK1   BANK2   BANK3   BANK4   BANK5   BANK6   BANK7   BANK8   BANK9  BANK10  BANK11  BANK12  BANK13  BANK14  BANK15
      Params:         6       0       0       0       0       0       0       0       0       0       0       0       0       0       0       0       0
      Locals:         0       0       0       0       0       0       0       0       0       0       0       0       0       0       0       0       0
      Temps:          3       0       0       0       0       0       0       0       0       0       0       0       0       0       0       0       0
      Totals:         9       0       0       0       0       0       0       0       0       0       0       0       0       0       0       0       0
Total ram usage:        9 bytes
 Hardware stack levels used:    1
 Hardware stack levels required when called:    2
 This function calls:
		Nothing
 This function is called by:
		_ftoa
 This function uses a non-reentrant model


 *************** function ___awtoft *****************
 Defined at:
		line 33 in file "C:\Program Files (x86)\Microchip\xc8\v1.20\sources\common\awtoft.c"
 Parameters:    Size  Location     Type
  c               2   40[COMRAM] int 
 Auto vars:     Size  Location     Type
  sign            1   44[COMRAM] unsigned char 
 Return value:  Size  Location     Type
                  3   40[COMRAM] float 
 Registers used:
		wreg, status,2, status,0, cstack
 Tracked objects:
		On entry : 
		On exit  : 
		Unchanged: 
 Data sizes:     COMRAM   BANK0   BANK1   BANK2   BANK3   BANK4   BANK5   BANK6   BANK7   BANK8   BANK9  BANK10  BANK11  BANK12  BANK13  BANK14  BANK15
      Params:         3       0       0       0       0       0       0       0       0       0       0       0       0       0       0       0       0
      Locals:         1       0       0       0       0       0       0       0       0       0       0       0       0       0       0       0       0
      Temps:          1       0       0       0       0       0       0       0       0       0       0       0       0       0       0       0       0
      Totals:         5       0       0       0       0       0       0       0       0       0       0       0       0       0       0       0       0
Total ram usage:        5 bytes
 Hardware stack levels used:    1
 Hardware stack levels required when called:    3
 This function calls:
		___ftpack
 This function is called by:
		_ftoa
		_Read_Temperature
 This function uses a non-reentrant model


 *************** function ___awdiv *****************
 Defined at:
		line 10 in file "C:\Program Files (x86)\Microchip\xc8\v1.20\sources\common\awdiv.c"
 Parameters:    Size  Location     Type
  dividend        2   32[COMRAM] int 
  divisor         2   34[COMRAM] int 
 Auto vars:     Size  Location     Type
  quotient        2   39[COMRAM] int 
  sign            1   38[COMRAM] unsigned char 
  counter         1   37[COMRAM] unsigned char 
 Return value:  Size  Location     Type
                  2   32[COMRAM] int 
 Registers used:
		wreg, status,2, status,0
 Tracked objects:
		On entry : 
		On exit  : 
		Unchanged: 
 Data sizes:     COMRAM   BANK0   BANK1   BANK2   BANK3   BANK4   BANK5   BANK6   BANK7   BANK8   BANK9  BANK10  BANK11  BANK12  BANK13  BANK14  BANK15
      Params:         4       0       0       0       0       0       0       0       0       0       0       0       0       0       0       0       0
      Locals:         4       0       0       0       0       0       0       0       0       0       0       0       0       0       0       0       0
      Temps:          1       0       0       0       0       0       0       0       0       0       0       0       0       0       0       0       0
      Totals:         9       0       0       0       0       0       0       0       0       0       0       0       0       0       0       0       0
Total ram usage:        9 bytes
 Hardware stack levels used:    1
 Hardware stack levels required when called:    2
 This function calls:
		Nothing
 This function is called by:
		_ftoa
 This function uses a non-reentrant model


 *************** function ___ftmul *****************
 Defined at:
		line 52 in file "C:\Program Files (x86)\Microchip\xc8\v1.20\sources\common\ftmul.c"
 Parameters:    Size  Location     Type
  f1              3    0[BANK0 ] float 
  f2              3    3[BANK0 ] float 
 Auto vars:     Size  Location     Type
  f3_as_produc    3    7[BANK0 ] unsigned um
  sign            1   11[BANK0 ] unsigned char 
  cntr            1   10[BANK0 ] unsigned char 
  exp             1    6[BANK0 ] unsigned char 
 Return value:  Size  Location     Type
                  3    0[BANK0 ] float 
 Registers used:
		wreg, status,2, status,0, cstack
 Tracked objects:
		On entry : 
		On exit  : 
		Unchanged: 
 Data sizes:     COMRAM   BANK0   BANK1   BANK2   BANK3   BANK4   BANK5   BANK6   BANK7   BANK8   BANK9  BANK10  BANK11  BANK12  BANK13  BANK14  BANK15
      Params:         0       6       0       0       0       0       0       0       0       0       0       0       0       0       0       0       0
      Locals:         0       6       0       0       0       0       0       0       0       0       0       0       0       0       0       0       0
      Temps:          5       0       0       0       0       0       0       0       0       0       0       0       0       0       0       0       0
      Totals:         5      12       0       0       0       0       0       0       0       0       0       0       0       0       0       0       0
Total ram usage:       17 bytes
 Hardware stack levels used:    1
 Hardware stack levels required when called:    3
 This function calls:
		___ftpack
 This function is called by:
		_ftoa
		_Read_Temperature
 This function uses a non-reentrant model


 *************** function ___ftadd *****************
 Defined at:
		line 87 in file "C:\Program Files (x86)\Microchip\xc8\v1.20\sources\common\ftadd.c"
 Parameters:    Size  Location     Type
  f1              3   12[BANK0 ] float 
  f2              3   15[BANK0 ] float 
 Auto vars:     Size  Location     Type
  exp1            1   25[BANK0 ] unsigned char 
  exp2            1   24[BANK0 ] unsigned char 
  sign            1   23[BANK0 ] unsigned char 
 Return value:  Size  Location     Type
                  3   12[BANK0 ] float 
 Registers used:
		wreg, status,2, status,0, cstack
 Tracked objects:
		On entry : 
		On exit  : 
		Unchanged: 
 Data sizes:     COMRAM   BANK0   BANK1   BANK2   BANK3   BANK4   BANK5   BANK6   BANK7   BANK8   BANK9  BANK10  BANK11  BANK12  BANK13  BANK14  BANK15
      Params:         0       6       0       0       0       0       0       0       0       0       0       0       0       0       0       0       0
      Locals:         0       3       0       0       0       0       0       0       0       0       0       0       0       0       0       0       0
      Temps:          0       5       0       0       0       0       0       0       0       0       0       0       0       0       0       0       0
      Totals:         0      14       0       0       0       0       0       0       0       0       0       0       0       0       0       0       0
Total ram usage:       14 bytes
 Hardware stack levels used:    1
 Hardware stack levels required when called:    3
 This function calls:
		___ftpack
 This function is called by:
		_ftoa
 This function uses a non-reentrant model


 *************** function ___ftpack *****************
 Defined at:
		line 63 in file "C:\Program Files (x86)\Microchip\xc8\v1.20\sources\common\float.c"
 Parameters:    Size  Location     Type
  arg             3   32[COMRAM] unsigned um
  exp             1   35[COMRAM] unsigned char 
  sign            1   36[COMRAM] unsigned char 
 Auto vars:     Size  Location     Type
		None
 Return value:  Size  Location     Type
                  3   32[COMRAM] float 
 Registers used:
		wreg, status,2, status,0
 Tracked objects:
		On entry : 
		On exit  : 
		Unchanged: 
 Data sizes:     COMRAM   BANK0   BANK1   BANK2   BANK3   BANK4   BANK5   BANK6   BANK7   BANK8   BANK9  BANK10  BANK11  BANK12  BANK13  BANK14  BANK15
      Params:         5       0       0       0       0       0       0       0       0       0       0       0       0       0       0       0       0
      Locals:         0       0       0       0       0       0       0       0       0       0       0       0       0       0       0       0       0
      Temps:          3       0       0       0       0       0       0       0       0       0       0       0       0       0       0       0       0
      Totals:         8       0       0       0       0       0       0       0       0       0       0       0       0       0       0       0       0
Total ram usage:        8 bytes
 Hardware stack levels used:    1
 Hardware stack levels required when called:    2
 This function calls:
		Nothing
 This function is called by:
		___awtoft
		___ftadd
		___ftmul
 This function uses a non-reentrant model


 *************** function _BASSEPRIORITEInterrupt *****************
 Defined at:
		line 190 in file "C:/Users/etu20261/Desktop/1wire+usart/Main.c"
 Parameters:    Size  Location     Type
		None
 Auto vars:     Size  Location     Type
		None
 Return value:  Size  Location     Type
		None               void
 Registers used:
		None
 Tracked objects:
		On entry : 
		On exit  : 
		Unchanged: 
 Data sizes:     COMRAM   BANK0   BANK1   BANK2   BANK3   BANK4   BANK5   BANK6   BANK7   BANK8   BANK9  BANK10  BANK11  BANK12  BANK13  BANK14  BANK15
      Params:         0       0       0       0       0       0       0       0       0       0       0       0       0       0       0       0       0
      Locals:         0       0       0       0       0       0       0       0       0       0       0       0       0       0       0       0       0
      Temps:         17       0       0       0       0       0       0       0       0       0       0       0       0       0       0       0       0
      Totals:        17       0       0       0       0       0       0       0       0       0       0       0       0       0       0       0       0
Total ram usage:       17 bytes
 Hardware stack levels used:    1
 Hardware stack levels required when called:    1
 This function calls:
		Nothing
 This function is called by:
		Interrupt level 1
 This function uses a non-reentrant model


 *************** function _HAUTEPRIORITEInterrupt *****************
 Defined at:
		line 171 in file "C:/Users/etu20261/Desktop/1wire+usart/Main.c"
 Parameters:    Size  Location     Type
		None
 Auto vars:     Size  Location     Type
		None
 Return value:  Size  Location     Type
		None               void
 Registers used:
		wreg, status,2, status,0
 Tracked objects:
		On entry : 
		On exit  : 
		Unchanged: 
 Data sizes:     COMRAM   BANK0   BANK1   BANK2   BANK3   BANK4   BANK5   BANK6   BANK7   BANK8   BANK9  BANK10  BANK11  BANK12  BANK13  BANK14  BANK15
      Params:         0       0       0       0       0       0       0       0       0       0       0       0       0       0       0       0       0
      Locals:         0       0       0       0       0       0       0       0       0       0       0       0       0       0       0       0       0
      Temps:         15       0       0       0       0       0       0       0       0       0       0       0       0       0       0       0       0
      Totals:        15       0       0       0       0       0       0       0       0       0       0       0       0       0       0       0       0
Total ram usage:       15 bytes
 Hardware stack levels used:    1
 This function calls:
		Nothing
 This function is called by:
		Interrupt level 2
 This function uses a non-reentrant model



MODULE INFORMATION

Module		Function		Class		Link	Load	Size
C:\Program Files (x86)\Microchip\xc8\v1.20\sources\common\float.c
		___ftpack      		CODE           	21A8	0000	184

C:\Program Files (x86)\Microchip\xc8\v1.20\sources\common\float.c estimated size: 184

C:/Users/etu20261/Desktop/1wire+usart/boutons.c
		_initBout      		CODE           	2836	0000	18

C:/Users/etu20261/Desktop/1wire+usart/boutons.c estimated size: 18

C:/Users/etu20261/Desktop/1wire+usart/XLCD/openxlcd.c
		_OpenXLCD      		CODE           	20C8	0000	224

C:/Users/etu20261/Desktop/1wire+usart/XLCD/openxlcd.c estimated size: 224

C:\Program Files (x86)\Microchip\xc8\v1.20\sources\common\ftge.c
		___ftge        		CODE           	2300	0000	144

C:\Program Files (x86)\Microchip\xc8\v1.20\sources\common\ftge.c estimated size: 144

C:\Program Files (x86)\Microchip\xc8\v1.20\sources\common\wmul.c
		___wmul        		CODE           	26BA	0000	58

C:\Program Files (x86)\Microchip\xc8\v1.20\sources\common\wmul.c estimated size: 58

C:/Users/etu20261/Desktop/1wire+usart/Main.c
		_main          		CODE           	1A48	0000	614
		_envoyerMessage		CODE           	2590	0000	62
		_BASSEPRIORITEI		CODE           	0018	0000	138
		_HAUTEPRIORITEI		CODE           	0008	0000	8952
		_sendToUsart   		CODE           	2874	0000	10

C:/Users/etu20261/Desktop/1wire+usart/Main.c estimated size: 9776

C:/Users/etu20261/Desktop/1wire+usart/ftoa/ftoa.c
		_ftoa          		CODE           	1008	0000	1780

C:/Users/etu20261/Desktop/1wire+usart/ftoa/ftoa.c estimated size: 1780

C:/Users/etu20261/Desktop/1wire+usart/XLCD/wcmdxlcd.c
		_WriteCmdXLCD  		CODE           	260A	0000	60

C:/Users/etu20261/Desktop/1wire+usart/XLCD/wcmdxlcd.c estimated size: 60

shared
		__stringdata   		SMALLCONST     	1000	0000	6
		__initializatio		CODE           	278E	0000	30

shared estimated size: 36

C:\Program Files (x86)\Microchip\xc8\v1.20\sources\common\ftneg.c
		___ftneg       		CODE           	27BA	0000	38

C:\Program Files (x86)\Microchip\xc8\v1.20\sources\common\ftneg.c estimated size: 38

C:\Program Files (x86)\Microchip\xc8\v1.20\sources\common\awtoft.c
		___awtoft      		CODE           	250A	0000	68

C:\Program Files (x86)\Microchip\xc8\v1.20\sources\common\awtoft.c estimated size: 68

C:\Program Files (x86)\Microchip\xc8\v1.20\sources\common\ftmul.c
		___ftmul       		CODE           	1CAE	0000	486

C:\Program Files (x86)\Microchip\xc8\v1.20\sources\common\ftmul.c estimated size: 486

C:\Program Files (x86)\Microchip\xc8\v1.20\sources\pic18\d10ktcyx.c
		_Delay10KTCYx  		CODE           	2820	0000	22

C:\Program Files (x86)\Microchip\xc8\v1.20\sources\pic18\d10ktcyx.c estimated size: 22

C:\Program Files (x86)\Microchip\xc8\v1.20\sources\common\fttol.c
		___fttol       		CODE           	1FC6	0000	258

C:\Program Files (x86)\Microchip\xc8\v1.20\sources\common\fttol.c estimated size: 258

C:/Users/etu20261/Desktop/1wire+usart/XLCD/putrxlcd.c
		_putrsXLCD     		CODE           	26F4	0000	54

C:/Users/etu20261/Desktop/1wire+usart/XLCD/putrxlcd.c estimated size: 54

C:/Users/etu20261/Desktop/1wire+usart/XLCD/putsxlcd.c
		_putsXLCD      		CODE           	275E	0000	48

C:/Users/etu20261/Desktop/1wire+usart/XLCD/putsxlcd.c estimated size: 48

C:/Users/etu20261/Desktop/1wire+usart/wire/1wire.c
		_OWInit        		CODE           	2646	0000	58
		_OWReadBit     		CODE           	2476	0000	74
		_OWReadByte    		CODE           	254E	0000	66
		_Convert_Temper		CODE           	2802	0000	30
		_Read_Temperatu		CODE           	1E94	0000	306
		_OWWriteBit    		CODE           	24C0	0000	74
		_OWWriteByte   		CODE           	272A	0000	52

C:/Users/etu20261/Desktop/1wire+usart/wire/1wire.c estimated size: 660

C:/Users/etu20261/Desktop/1wire+usart/XLCD/busyxlcd.c
		_BusyXLCD      		CODE           	2680	0000	58

C:/Users/etu20261/Desktop/1wire+usart/XLCD/busyxlcd.c estimated size: 58

C:/Users/etu20261/Desktop/1wire+usart/affi.c
		_DelayFor18TCY 		CODE           	27E0	0000	34
		_DelayPORXLCD  		CODE           	2866	0000	14
		_initLCD       		CODE           	2848	0000	16

C:/Users/etu20261/Desktop/1wire+usart/affi.c estimated size: 64

C:\Program Files (x86)\Microchip\xc8\v1.20\sources\common\awdiv.c
		___awdiv       		CODE           	2390	0000	144

C:\Program Files (x86)\Microchip\xc8\v1.20\sources\common\awdiv.c estimated size: 144

C:\Program Files (x86)\Microchip\xc8\v1.20\sources\common\ftadd.c
		___ftadd       		CODE           	16FC	0000	844

C:\Program Files (x86)\Microchip\xc8\v1.20\sources\common\ftadd.c estimated size: 844

C:/Users/etu20261/Desktop/1wire+usart/XLCD/writdata.c
		_WriteDataXLCD 		CODE           	25CE	0000	60

C:/Users/etu20261/Desktop/1wire+usart/XLCD/writdata.c estimated size: 60

C:/Users/etu20261/Desktop/1wire+usart/XLCD/setddram.c
		_SetDDRamAddr  		CODE           	2420	0000	86

C:/Users/etu20261/Desktop/1wire+usart/XLCD/setddram.c estimated size: 86

C:\Program Files (x86)\Microchip\xc8\v1.20\sources\pic18\d10tcyx.c
		_Delay10TCYx   		CODE           	2858	0000	14

C:\Program Files (x86)\Microchip\xc8\v1.20\sources\pic18\d10tcyx.c estimated size: 14

